Archive member included to satisfy reference by file (symbol)

/usr/lib/gcc/arm-none-eabi/10.3.1/../../../arm-none-eabi/lib/thumb/v7e-m+fp/hard/libm.a(lib_a-sf_cos.o)
                              build/mod/filterMahony.o (cosf)
/usr/lib/gcc/arm-none-eabi/10.3.1/../../../arm-none-eabi/lib/thumb/v7e-m+fp/hard/libm.a(lib_a-sf_sin.o)
                              build/mod/filterMahony.o (sinf)
/usr/lib/gcc/arm-none-eabi/10.3.1/../../../arm-none-eabi/lib/thumb/v7e-m+fp/hard/libm.a(lib_a-wf_asin.o)
                              build/mod/filterCF.o (asinf)
/usr/lib/gcc/arm-none-eabi/10.3.1/../../../arm-none-eabi/lib/thumb/v7e-m+fp/hard/libm.a(lib_a-wf_atan2.o)
                              build/mod/filterCF.o (atan2f)
/usr/lib/gcc/arm-none-eabi/10.3.1/../../../arm-none-eabi/lib/thumb/v7e-m+fp/hard/libm.a(lib_a-wf_pow.o)
                              build/mod/position.o (powf)
/usr/lib/gcc/arm-none-eabi/10.3.1/../../../arm-none-eabi/lib/thumb/v7e-m+fp/hard/libm.a(lib_a-wf_sqrt.o)
                              build/mod/filterCF.o (sqrtf)
/usr/lib/gcc/arm-none-eabi/10.3.1/../../../arm-none-eabi/lib/thumb/v7e-m+fp/hard/libm.a(lib_a-ef_asin.o)
                              /usr/lib/gcc/arm-none-eabi/10.3.1/../../../arm-none-eabi/lib/thumb/v7e-m+fp/hard/libm.a(lib_a-wf_asin.o) (__ieee754_asinf)
/usr/lib/gcc/arm-none-eabi/10.3.1/../../../arm-none-eabi/lib/thumb/v7e-m+fp/hard/libm.a(lib_a-ef_atan2.o)
                              /usr/lib/gcc/arm-none-eabi/10.3.1/../../../arm-none-eabi/lib/thumb/v7e-m+fp/hard/libm.a(lib_a-wf_atan2.o) (__ieee754_atan2f)
/usr/lib/gcc/arm-none-eabi/10.3.1/../../../arm-none-eabi/lib/thumb/v7e-m+fp/hard/libm.a(lib_a-ef_pow.o)
                              /usr/lib/gcc/arm-none-eabi/10.3.1/../../../arm-none-eabi/lib/thumb/v7e-m+fp/hard/libm.a(lib_a-wf_pow.o) (__ieee754_powf)
/usr/lib/gcc/arm-none-eabi/10.3.1/../../../arm-none-eabi/lib/thumb/v7e-m+fp/hard/libm.a(lib_a-ef_rem_pio2.o)
                              /usr/lib/gcc/arm-none-eabi/10.3.1/../../../arm-none-eabi/lib/thumb/v7e-m+fp/hard/libm.a(lib_a-sf_cos.o) (__ieee754_rem_pio2f)
/usr/lib/gcc/arm-none-eabi/10.3.1/../../../arm-none-eabi/lib/thumb/v7e-m+fp/hard/libm.a(lib_a-ef_sqrt.o)
                              /usr/lib/gcc/arm-none-eabi/10.3.1/../../../arm-none-eabi/lib/thumb/v7e-m+fp/hard/libm.a(lib_a-wf_sqrt.o) (__ieee754_sqrtf)
/usr/lib/gcc/arm-none-eabi/10.3.1/../../../arm-none-eabi/lib/thumb/v7e-m+fp/hard/libm.a(lib_a-kf_cos.o)
                              /usr/lib/gcc/arm-none-eabi/10.3.1/../../../arm-none-eabi/lib/thumb/v7e-m+fp/hard/libm.a(lib_a-sf_cos.o) (__kernel_cosf)
/usr/lib/gcc/arm-none-eabi/10.3.1/../../../arm-none-eabi/lib/thumb/v7e-m+fp/hard/libm.a(lib_a-kf_rem_pio2.o)
                              /usr/lib/gcc/arm-none-eabi/10.3.1/../../../arm-none-eabi/lib/thumb/v7e-m+fp/hard/libm.a(lib_a-ef_rem_pio2.o) (__kernel_rem_pio2f)
/usr/lib/gcc/arm-none-eabi/10.3.1/../../../arm-none-eabi/lib/thumb/v7e-m+fp/hard/libm.a(lib_a-kf_sin.o)
                              /usr/lib/gcc/arm-none-eabi/10.3.1/../../../arm-none-eabi/lib/thumb/v7e-m+fp/hard/libm.a(lib_a-sf_cos.o) (__kernel_sinf)
/usr/lib/gcc/arm-none-eabi/10.3.1/../../../arm-none-eabi/lib/thumb/v7e-m+fp/hard/libm.a(lib_a-s_lib_ver.o)
                              /usr/lib/gcc/arm-none-eabi/10.3.1/../../../arm-none-eabi/lib/thumb/v7e-m+fp/hard/libm.a(lib_a-wf_asin.o) (__fdlib_version)
/usr/lib/gcc/arm-none-eabi/10.3.1/../../../arm-none-eabi/lib/thumb/v7e-m+fp/hard/libm.a(lib_a-sf_atan.o)
                              /usr/lib/gcc/arm-none-eabi/10.3.1/../../../arm-none-eabi/lib/thumb/v7e-m+fp/hard/libm.a(lib_a-ef_atan2.o) (atanf)
/usr/lib/gcc/arm-none-eabi/10.3.1/../../../arm-none-eabi/lib/thumb/v7e-m+fp/hard/libm.a(lib_a-sf_fabs.o)
                              /usr/lib/gcc/arm-none-eabi/10.3.1/../../../arm-none-eabi/lib/thumb/v7e-m+fp/hard/libm.a(lib_a-wf_asin.o) (fabsf)
/usr/lib/gcc/arm-none-eabi/10.3.1/../../../arm-none-eabi/lib/thumb/v7e-m+fp/hard/libm.a(lib_a-sf_finite.o)
                              /usr/lib/gcc/arm-none-eabi/10.3.1/../../../arm-none-eabi/lib/thumb/v7e-m+fp/hard/libm.a(lib_a-wf_pow.o) (finitef)
/usr/lib/gcc/arm-none-eabi/10.3.1/../../../arm-none-eabi/lib/thumb/v7e-m+fp/hard/libm.a(lib_a-sf_floor.o)
                              /usr/lib/gcc/arm-none-eabi/10.3.1/../../../arm-none-eabi/lib/thumb/v7e-m+fp/hard/libm.a(lib_a-kf_rem_pio2.o) (floorf)
/usr/lib/gcc/arm-none-eabi/10.3.1/../../../arm-none-eabi/lib/thumb/v7e-m+fp/hard/libm.a(lib_a-sf_nan.o)
                              /usr/lib/gcc/arm-none-eabi/10.3.1/../../../arm-none-eabi/lib/thumb/v7e-m+fp/hard/libm.a(lib_a-wf_asin.o) (nanf)
/usr/lib/gcc/arm-none-eabi/10.3.1/../../../arm-none-eabi/lib/thumb/v7e-m+fp/hard/libm.a(lib_a-sf_rint.o)
                              /usr/lib/gcc/arm-none-eabi/10.3.1/../../../arm-none-eabi/lib/thumb/v7e-m+fp/hard/libm.a(lib_a-wf_pow.o) (rintf)
/usr/lib/gcc/arm-none-eabi/10.3.1/../../../arm-none-eabi/lib/thumb/v7e-m+fp/hard/libm.a(lib_a-sf_scalbn.o)
[...]
Memory Configuration

Name             Origin             Length             Attributes
FLASH            0x0000000008000000 0x0000000000100000 xr
RAM              0x0000000020000000 0x0000000000030000 xrw
MEMORY_B1        0x0000000060000000 0x0000000000000000 xr
*default*        0x0000000000000000 0xffffffffffffffff

Linker script and memory map

LOAD /usr/lib/gcc/arm-none-eabi/10.3.1/thumb/v7e-m+fp/hard/crti.o
LOAD /usr/lib/gcc/arm-none-eabi/10.3.1/thumb/v7e-m+fp/hard/crtbegin.o
LOAD /usr/lib/gcc/arm-none-eabi/10.3.1/../../../arm-none-eabi/lib/thumb/v7e-m+fp/hard/crt0.o
LOAD build/app/main.o
LOAD build/app/task.o
LOAD build/arch/MatrixFunctions/arm_mat_add_f32.o
LOAD build/arch/MatrixFunctions/arm_mat_add_q15.o
LOAD build/arch/MatrixFunctions/arm_mat_add_q31.o
LOAD build/arch/MatrixFunctions/arm_mat_cmplx_mult_f32.o
LOAD build/arch/MatrixFunctions/arm_mat_cmplx_mult_q15.o
LOAD build/arch/MatrixFunctions/arm_mat_cmplx_mult_q31.o
LOAD build/arch/MatrixFunctions/arm_mat_init_f32.o
LOAD build/arch/MatrixFunctions/arm_mat_init_q15.o
LOAD build/arch/MatrixFunctions/arm_mat_init_q31.o
LOAD build/arch/MatrixFunctions/arm_mat_inverse_f32.o
LOAD build/arch/MatrixFunctions/arm_mat_inverse_f64.o
LOAD build/arch/MatrixFunctions/arm_mat_mult_f32.o
LOAD build/arch/MatrixFunctions/arm_mat_mult_fast_q15.o
LOAD build/arch/MatrixFunctions/arm_mat_mult_fast_q31.o
LOAD build/arch/MatrixFunctions/arm_mat_mult_q15.o
LOAD build/arch/MatrixFunctions/arm_mat_mult_q31.o
LOAD build/arch/MatrixFunctions/arm_mat_scale_f32.o
LOAD build/arch/MatrixFunctions/arm_mat_scale_q15.o
LOAD build/arch/MatrixFunctions/arm_mat_scale_q31.o
LOAD build/arch/MatrixFunctions/arm_mat_sub_f32.o
LOAD build/arch/MatrixFunctions/arm_mat_sub_q15.o
LOAD build/arch/MatrixFunctions/arm_mat_sub_q31.o
LOAD build/arch/MatrixFunctions/arm_mat_trans_f32.o
LOAD build/arch/MatrixFunctions/arm_mat_trans_q15.o
LOAD build/arch/MatrixFunctions/arm_mat_trans_q31.o
LOAD build/arch/stm32f4xx_it.o
LOAD build/arch/SupportFunctions/arm_copy_f32.o
LOAD build/arch/SupportFunctions/arm_copy_q15.o
LOAD build/arch/SupportFunctions/arm_copy_q31.o
LOAD build/arch/SupportFunctions/arm_copy_q7.o
LOAD build/arch/SupportFunctions/arm_fill_f32.o
LOAD build/arch/SupportFunctions/arm_fill_q15.o
LOAD build/arch/SupportFunctions/arm_fill_q31.o
LOAD build/arch/SupportFunctions/arm_fill_q7.o
LOAD build/arch/SupportFunctions/arm_float_to_q15.o
LOAD build/arch/SupportFunctions/arm_float_to_q31.o
LOAD build/arch/SupportFunctions/arm_float_to_q7.o
LOAD build/arch/SupportFunctions/arm_q15_to_float.o
LOAD build/arch/SupportFunctions/arm_q15_to_q31.o
LOAD build/arch/SupportFunctions/arm_q15_to_q7.o
LOAD build/arch/SupportFunctions/arm_q31_to_float.o
LOAD build/arch/SupportFunctions/arm_q31_to_q15.o
LOAD build/arch/SupportFunctions/arm_q31_to_q7.o
LOAD build/arch/SupportFunctions/arm_q7_to_float.o
LOAD build/arch/SupportFunctions/arm_q7_to_q15.o
LOAD build/arch/SupportFunctions/arm_q7_to_q31.o
LOAD build/arch/system_stm32f4xx.o
LOAD build/bsp/bsp_iic.o
LOAD build/bsp/bsp_led.o
LOAD build/bsp/bsp_spi.o
LOAD build/bsp/bsp_uart.o
LOAD build/bsp/delay.o
LOAD build/bsp/drv_icm20689.o
LOAD build/bsp/drv_icm42688.o
LOAD build/bsp/drv_ist8310.o
LOAD build/bsp/drv_ms5611.o
LOAD build/bsp/fc_status.o
LOAD build/bsp/syscall.o
LOAD build/lib/src/misc.o
LOAD build/lib/src/stm32f4xx_adc.o
LOAD build/lib/src/stm32f4xx_can.o
LOAD build/lib/src/stm32f4xx_cec.o
LOAD build/lib/src/stm32f4xx_crc.o
LOAD build/lib/src/stm32f4xx_cryp.o
LOAD build/lib/src/stm32f4xx_cryp_aes.o
LOAD build/lib/src/stm32f4xx_cryp_des.o
LOAD build/lib/src/stm32f4xx_cryp_tdes.o
LOAD build/lib/src/stm32f4xx_dac.o
LOAD build/lib/src/stm32f4xx_dbgmcu.o
LOAD build/lib/src/stm32f4xx_dcmi.o
LOAD build/lib/src/stm32f4xx_dfsdm.o
LOAD build/lib/src/stm32f4xx_dma.o
LOAD build/lib/src/stm32f4xx_dma2d.o
LOAD build/lib/src/stm32f4xx_dsi.o
LOAD build/lib/src/stm32f4xx_exti.o
LOAD build/lib/src/stm32f4xx_flash.o
LOAD build/lib/src/stm32f4xx_flash_ramfunc.o
LOAD build/lib/src/stm32f4xx_fmpi2c.o
LOAD build/lib/src/stm32f4xx_fsmc.o
LOAD build/lib/src/stm32f4xx_gpio.o
LOAD build/lib/src/stm32f4xx_hash.o
LOAD build/lib/src/stm32f4xx_hash_md5.o
LOAD build/lib/src/stm32f4xx_hash_sha1.o
LOAD build/lib/src/stm32f4xx_i2c.o
LOAD build/lib/src/stm32f4xx_iwdg.o
LOAD build/lib/src/stm32f4xx_lptim.o
LOAD build/lib/src/stm32f4xx_ltdc.o
LOAD build/lib/src/stm32f4xx_pwr.o
LOAD build/lib/src/stm32f4xx_qspi.o
LOAD build/lib/src/stm32f4xx_rcc.o
LOAD build/lib/src/stm32f4xx_rng.o
LOAD build/lib/src/stm32f4xx_rtc.o
LOAD build/lib/src/stm32f4xx_sai.o
LOAD build/lib/src/stm32f4xx_sdio.o
LOAD build/lib/src/stm32f4xx_spdifrx.o
LOAD build/lib/src/stm32f4xx_spi.o
LOAD build/lib/src/stm32f4xx_syscfg.o
LOAD build/lib/src/stm32f4xx_tim.o
LOAD build/lib/src/stm32f4xx_usart.o
LOAD build/lib/src/stm32f4xx_wwdg.o
LOAD build/os/arch.o
LOAD build/os/core.o
LOAD build/os/event.o
LOAD build/os/flag.o
LOAD build/os/hook.o
LOAD build/os/kernelHeap.o
LOAD build/os/mbox.o
LOAD build/os/mm.o
LOAD build/os/mutex.o
LOAD build/os/port.o
LOAD build/os/queue.o
LOAD build/os/sem.o
LOAD build/os/serviceReq.o
LOAD build/os/task.o
LOAD build/os/time.o
LOAD build/os/timer.o
LOAD build/os/utility.o
LOAD build/mod/attitude.o
LOAD build/mod/filterCF.o
LOAD build/mod/filterMadgwick.o
LOAD build/mod/filterMahony.o
LOAD build/mod/filterUKF.o
LOAD build/mod/imu.o
LOAD build/mod/position.o
LOAD build/mod/telemetry.o
LOAD build/arch/startup_stm32f40_41xxx.o
LOAD /usr/lib/gcc/arm-none-eabi/10.3.1/../../../arm-none-eabi/lib/thumb/v7e-m+fp/hard/libm.a
START GROUP
LOAD /usr/lib/gcc/arm-none-eabi/10.3.1/thumb/v7e-m+fp/hard/libgcc.a
LOAD /usr/lib/gcc/arm-none-eabi/10.3.1/../../../arm-none-eabi/lib/thumb/v7e-m+fp/hard/libc_nano.a
END GROUP
START GROUP
LOAD /usr/lib/gcc/arm-none-eabi/10.3.1/thumb/v7e-m+fp/hard/libgcc.a
LOAD /usr/lib/gcc/arm-none-eabi/10.3.1/../../../arm-none-eabi/lib/thumb/v7e-m+fp/hard/libc_nano.a
END GROUP
LOAD /usr/lib/gcc/arm-none-eabi/10.3.1/thumb/v7e-m+fp/hard/crtend.o
LOAD /usr/lib/gcc/arm-none-eabi/10.3.1/thumb/v7e-m+fp/hard/crtn.o
                0x0000000020020000                _estack = 0x20020000
                0x0000000000000000                _Min_Heap_Size = 0x0
                0x0000000000000400                _Min_Stack_Size = 0x400

.isr_vector     0x0000000008000000      0x188
                0x0000000008000000                . = ALIGN (0x4)
 *(.isr_vector)
 .isr_vector    0x0000000008000000      0x188 build/arch/startup_stm32f40_41xxx.o
                0x0000000008000000                g_pfnVectors
                0x0000000008000188                . = ALIGN (0x4)

.text           0x00000000080001c0     0x8ba0
                0x00000000080001c0                . = ALIGN (0x4)
 *(.text)
 .text          0x00000000080001c0       0x88 /usr/lib/gcc/arm-none-eabi/10.3.1/thumb/v7e-m+fp/hard/crtbegin.o
 .text          0x0000000008000248      0x140 /usr/lib/gcc/arm-none-eabi/10.3.1/../../../arm-none-eabi/lib/thumb/v7e-m+fp/hard/libm.a(lib_a-wf_pow.o)
                0x0000000008000248                powf
 .text          0x0000000008000388      0x5f4 /usr/lib/gcc/arm-none-eabi/10.3.1/../../../arm-none-eabi/lib/thumb/v7e-m+fp/hard/libm.a(lib_a-ef_pow.o)
                0x0000000008000388                __ieee754_powf
 .text          0x000000000800097c        0x8 /usr/lib/gcc/arm-none-eabi/10.3.1/../../../arm-none-eabi/lib/thumb/v7e-m+fp/hard/libm.a(lib_a-ef_sqrt.o)
                0x000000000800097c                __ieee754_sqrtf
 .text          0x0000000008000984       0x10 /usr/lib/gcc/arm-none-eabi/10.3.1/../../../arm-none-eabi/lib/thumb/v7e-m+fp/hard/libm.a(lib_a-sf_fabs.o)
                0x0000000008000984                fabsf
 .text          0x0000000008000994       0x1c /usr/lib/gcc/arm-none-eabi/10.3.1/../../../arm-none-eabi/lib/thumb/v7e-m+fp/hard/libm.a(lib_a-sf_finite.o)
                0x0000000008000994                finitef
 .text          0x00000000080009b0        0xc /usr/lib/gcc/arm-none-eabi/10.3.1/../../../arm-none-eabi/lib/thumb/v7e-m+fp/hard/libm.a(lib_a-sf_nan.o)
                0x00000000080009b0                nanf
 .text          0x00000000080009bc       0xbc /usr/lib/gcc/arm-none-eabi/10.3.1/../../../arm-none-eabi/lib/thumb/v7e-m+fp/hard/libm.a(lib_a-sf_rint.o)
                0x00000000080009bc                rintf
 .text          0x0000000008000a78       0xe4 /usr/lib/gcc/arm-none-eabi/10.3.1/../../../arm-none-eabi/lib/thumb/v7e-m+fp/hard/libm.a(lib_a-sf_scalbn.o)
                0x0000000008000a78                scalbnf
 .text          0x0000000008000b5c      0x378 /usr/lib/gcc/arm-none-eabi/10.3.1/thumb/v7e-m+fp/hard/libgcc.a(_arm_addsubdf3.o)
                0x0000000008000b5c                __aeabi_drsub
                0x0000000008000b64                __aeabi_dsub
                0x0000000008000b64                __subdf3
                0x0000000008000b68                __adddf3
                0x0000000008000b68                __aeabi_dadd
                0x0000000008000de0                __aeabi_ui2d
                0x0000000008000de0                __floatunsidf
                0x0000000008000e00                __floatsidf
                0x0000000008000e00                __aeabi_i2d
                0x0000000008000e24                __extendsfdf2
                0x0000000008000e24                __aeabi_f2d
                0x0000000008000e68                __aeabi_ul2d
                0x0000000008000e68                __floatundidf
                0x0000000008000e78                __floatdidf
                0x0000000008000e78                __aeabi_l2d
 .text          0x0000000008000ed4      0x424 /usr/lib/gcc/arm-none-eabi/10.3.1/thumb/v7e-m+fp/hard/libgcc.a(_arm_muldivdf3.o)
                0x0000000008000ed4                __aeabi_dmul
                0x0000000008000ed4                __muldf3
                0x0000000008001128                __aeabi_ddiv
                0x0000000008001128                __divdf3
 .text          0x00000000080012f8      0x110 /usr/lib/gcc/arm-none-eabi/10.3.1/thumb/v7e-m+fp/hard/libgcc.a(_arm_cmpdf2.o)
                0x00000000080012f8                __gtdf2
                0x00000000080012f8                __gedf2
                0x0000000008001300                __ltdf2
                0x0000000008001300                __ledf2
                0x0000000008001308                __cmpdf2
                0x0000000008001308                __eqdf2
                0x0000000008001308                __nedf2
                0x0000000008001384                __aeabi_cdrcmple
                0x0000000008001394                __aeabi_cdcmple
                0x0000000008001394                __aeabi_cdcmpeq
                0x00000000080013a4                __aeabi_dcmpeq
                0x00000000080013b8                __aeabi_dcmplt
                0x00000000080013cc                __aeabi_dcmple
                0x00000000080013e0                __aeabi_dcmpge
                0x00000000080013f4                __aeabi_dcmpgt
 .text          0x0000000008001408      0x21c /usr/lib/gcc/arm-none-eabi/10.3.1/thumb/v7e-m+fp/hard/libgcc.a(_arm_addsubsf3.o)
                0x0000000008001408                __aeabi_frsub
                0x0000000008001410                __subsf3
                0x0000000008001410                __aeabi_fsub
                0x0000000008001414                __aeabi_fadd
                0x0000000008001414                __addsf3
                0x0000000008001574                __aeabi_ui2f
                0x0000000008001574                __floatunsisf
                0x000000000800157c                __aeabi_i2f
                0x000000000800157c                __floatsisf
                0x0000000008001598                __floatundisf
                0x0000000008001598                __aeabi_ul2f
                0x00000000080015a8                __floatdisf
                0x00000000080015a8                __aeabi_l2f
 .text          0x0000000008001624        0xc /usr/lib/gcc/arm-none-eabi/10.3.1/../../../arm-none-eabi/lib/thumb/v7e-m+fp/hard/libc_nano.a(lib_a-errno.o)
                0x0000000008001624                __errno
 .text          0x0000000008001630       0xa4 /usr/lib/gcc/arm-none-eabi/10.3.1/../../../arm-none-eabi/lib/thumb/v7e-m+fp/hard/libc_nano.a(lib_a-memset.o)
                0x0000000008001630                memset
 .text          0x00000000080016d4      0x6cc /usr/lib/gcc/arm-none-eabi/10.3.1/../../../arm-none-eabi/lib/thumb/v7e-m+fp/hard/libc_nano.a(lib_a-nano-vfprintf_float.o)
                0x00000000080016d4                __cvt
                0x00000000080017d0                __exponent
                0x000000000800186c                _printf_float
 .text          0x0000000008001da0      0x3dc /usr/lib/gcc/arm-none-eabi/10.3.1/../../../arm-none-eabi/lib/thumb/v7e-m+fp/hard/libc_nano.a(lib_a-nano-vfprintf_i.o)
                0x0000000008001da0                _printf_common
                0x0000000008001ecc                _printf_i
 .text          0x000000000800217c       0x60 /usr/lib/gcc/arm-none-eabi/10.3.1/../../../arm-none-eabi/lib/thumb/v7e-m+fp/hard/libc_nano.a(lib_a-printf.o)
                0x000000000800217c                _printf_r
                0x000000000800217c                _iprintf_r
                0x00000000080021a8                printf
                0x00000000080021a8                iprintf
 *fill*         0x00000000080021dc       0x24 
 .text          0x0000000008002200       0xdc /usr/lib/gcc/arm-none-eabi/10.3.1/../../../arm-none-eabi/lib/thumb/v7e-m+fp/hard/libc_nano.a(lib_a-strlen.o)
                0x0000000008002200                strlen
 *fill*         0x00000000080022dc        0x4 
 .text          0x00000000080022e0     0x10a4 /usr/lib/gcc/arm-none-eabi/10.3.1/../../../arm-none-eabi/lib/thumb/v7e-m+fp/hard/libc_nano.a(lib_a-dtoa.o)
                0x0000000008002408                _dtoa_r
 .text          0x0000000008003384      0x238 /usr/lib/gcc/arm-none-eabi/10.3.1/../../../arm-none-eabi/lib/thumb/v7e-m+fp/hard/libc_nano.a(lib_a-findfp.o)
                0x0000000008003388                _cleanup_r
                0x0000000008003398                __sfmoreglue
                0x00000000080033c8                __sfp
                0x0000000008003568                _cleanup
                0x000000000800357c                __sinit
                0x0000000008003584                __sfp_lock_acquire
                0x0000000008003588                __sfp_lock_release
                0x000000000800358c                __sinit_lock_acquire
                0x0000000008003590                __sinit_lock_release
                0x0000000008003594                __fp_lock_all
                0x00000000080035a8                __fp_unlock_all
 .text          0x00000000080035bc       0x88 /usr/lib/gcc/arm-none-eabi/10.3.1/../../../arm-none-eabi/lib/thumb/v7e-m+fp/hard/libc_nano.a(lib_a-fwalk.o)
                0x00000000080035bc                _fwalk
                0x00000000080035fc                _fwalk_reent
 .text          0x0000000008003644       0x14 /usr/lib/gcc/arm-none-eabi/10.3.1/../../../arm-none-eabi/lib/thumb/v7e-m+fp/hard/libc_nano.a(lib_a-localeconv.o)
                0x0000000008003644                __localeconv_l
                0x0000000008003648                _localeconv_r
                0x0000000008003650                localeconv
 .text          0x0000000008003658       0x20 /usr/lib/gcc/arm-none-eabi/10.3.1/../../../arm-none-eabi/lib/thumb/v7e-m+fp/hard/libc_nano.a(lib_a-malloc.o)
                0x0000000008003658                malloc
                0x0000000008003668                free
 *fill*         0x0000000008003678        0x8 
 .text          0x0000000008003680       0xa0 /usr/lib/gcc/arm-none-eabi/10.3.1/../../../arm-none-eabi/lib/thumb/v7e-m+fp/hard/libc_nano.a(lib_a-memchr.o)
                0x0000000008003680                memchr
 .text          0x0000000008003720      0x134 /usr/lib/gcc/arm-none-eabi/10.3.1/../../../arm-none-eabi/lib/thumb/v7e-m+fp/hard/libc_nano.a(lib_a-memcpy.o)
                0x0000000008003720                memcpy
 .text          0x0000000008003854      0xaec /usr/lib/gcc/arm-none-eabi/10.3.1/../../../arm-none-eabi/lib/thumb/v7e-m+fp/hard/libc_nano.a(lib_a-mprec.o)
                0x0000000008003854                _Balloc
                0x00000000080038d4                _Bfree
                0x000000000800391c                __multadd
                0x00000000080039c0                __s2b
                0x0000000008003a74                __hi0bits
                0x0000000008003ab4                __lo0bits
                0x0000000008003b14                __i2b
                0x0000000008003b40                __multiply
                0x0000000008003c9c                __pow5mult
                0x0000000008003d7c                __lshift
                0x0000000008003e64                __mcmp
                0x0000000008003ea8                __mdiff
                0x0000000008003ff4                __ulp
                0x0000000008004054                __b2d
                0x0000000008004114                __d2b
                0x00000000080041e4                __ratio
                0x0000000008004240                _mprec_log10
                0x0000000008004280                __copybits
                0x00000000080042dc                __any_on
 .text          0x0000000008004340       0x1c /usr/lib/gcc/arm-none-eabi/10.3.1/../../../arm-none-eabi/lib/thumb/v7e-m+fp/hard/libc_nano.a(lib_a-nano-callocr.o)
                0x0000000008004340                _calloc_r
 .text          0x000000000800435c       0xc4 /usr/lib/gcc/arm-none-eabi/10.3.1/../../../arm-none-eabi/lib/thumb/v7e-m+fp/hard/libc_nano.a(lib_a-nano-freer.o)
                0x000000000800435c                _free_r
 .text          0x0000000008004420       0xb4 /usr/lib/gcc/arm-none-eabi/10.3.1/../../../arm-none-eabi/lib/thumb/v7e-m+fp/hard/libc_nano.a(lib_a-nano-mallocr.o)
                0x0000000008004420                _malloc_r
 .text          0x00000000080044d4      0x328 /usr/lib/gcc/arm-none-eabi/10.3.1/../../../arm-none-eabi/lib/thumb/v7e-m+fp/hard/libc_nano.a(lib_a-nano-vfprintf.o)
                0x0000000008004510                __sfputs_r
                0x0000000008004540                __sprint_r
                0x000000000800455c                _vfiprintf_r
                0x000000000800455c                _vfprintf_r
                0x00000000080047e0                vfiprintf
                0x00000000080047e0                vfprintf
 .text          0x00000000080047fc       0x24 /usr/lib/gcc/arm-none-eabi/10.3.1/../../../arm-none-eabi/lib/thumb/v7e-m+fp/hard/libc_nano.a(lib_a-sbrkr.o)
                0x00000000080047fc                _sbrk_r
 .text          0x0000000008004820       0x90 /usr/lib/gcc/arm-none-eabi/10.3.1/../../../arm-none-eabi/lib/thumb/v7e-m+fp/hard/libc_nano.a(lib_a-stdio.o)
                0x0000000008004820                __sread
                0x0000000008004844                __seofread
                0x0000000008004848                __swrite
                0x0000000008004888                __sseek
                0x00000000080048a8                __sclose
 .text          0x00000000080048b0       0xc8 /usr/lib/gcc/arm-none-eabi/10.3.1/../../../arm-none-eabi/lib/thumb/v7e-m+fp/hard/libc_nano.a(lib_a-wbuf.o)
                0x00000000080048b0                __swbuf_r
                0x0000000008004960                __swbuf
 .text          0x0000000008004978       0x2c /usr/lib/gcc/arm-none-eabi/10.3.1/../../../arm-none-eabi/lib/thumb/v7e-m+fp/hard/libc_nano.a(lib_a-writer.o)
                0x0000000008004978                _write_r
 .text          0x00000000080049a4      0x104 /usr/lib/gcc/arm-none-eabi/10.3.1/../../../arm-none-eabi/lib/thumb/v7e-m+fp/hard/libc_nano.a(lib_a-wsetup.o)
                0x00000000080049a4                __swsetup_r
 .text          0x0000000008004aa8       0x4c /usr/lib/gcc/arm-none-eabi/10.3.1/../../../arm-none-eabi/lib/thumb/v7e-m+fp/hard/libc_nano.a(lib_a-assert.o)
                0x0000000008004aa8                __assert_func
                0x0000000008004ae8                __assert
 .text          0x0000000008004af4       0x24 /usr/lib/gcc/arm-none-eabi/10.3.1/../../../arm-none-eabi/lib/thumb/v7e-m+fp/hard/libc_nano.a(lib_a-closer.o)
                0x0000000008004af4                _close_r
 .text          0x0000000008004b18      0x1e8 /usr/lib/gcc/arm-none-eabi/10.3.1/../../../arm-none-eabi/lib/thumb/v7e-m+fp/hard/libc_nano.a(lib_a-fflush.o)
                0x0000000008004b18                __sflush_r
                0x0000000008004c2c                _fflush_r
                0x0000000008004c80                fflush
 .text          0x0000000008004d00       0x44 /usr/lib/gcc/arm-none-eabi/10.3.1/../../../arm-none-eabi/lib/thumb/v7e-m+fp/hard/libc_nano.a(lib_a-fprintf.o)
                0x0000000008004d00                _fprintf_r
                0x0000000008004d00                _fiprintf_r
                0x0000000008004d1c                fprintf
                0x0000000008004d1c                fiprintf
 .text          0x0000000008004d44      0x2f0 /usr/lib/gcc/arm-none-eabi/10.3.1/../../../arm-none-eabi/lib/thumb/v7e-m+fp/hard/libc_nano.a(lib_a-fvwrite.o)
                0x0000000008004d44                __sfvwrite_r
 .text          0x0000000008005034       0x2c /usr/lib/gcc/arm-none-eabi/10.3.1/../../../arm-none-eabi/lib/thumb/v7e-m+fp/hard/libc_nano.a(lib_a-lseekr.o)
                0x0000000008005034                _lseek_r
 .text          0x0000000008005060      0x11c /usr/lib/gcc/arm-none-eabi/10.3.1/../../../arm-none-eabi/lib/thumb/v7e-m+fp/hard/libc_nano.a(lib_a-makebuf.o)
                0x0000000008005060                __smakebuf_r
                0x0000000008005120                __swhatbuf_r
 .text          0x000000000800517c       0x40 /usr/lib/gcc/arm-none-eabi/10.3.1/../../../arm-none-eabi/lib/thumb/v7e-m+fp/hard/libc_nano.a(lib_a-mbtowc_r.o)
                0x000000000800517c                _mbtowc_r
                0x0000000008005190                __ascii_mbtowc
 .text          0x00000000080051bc       0xf8 /usr/lib/gcc/arm-none-eabi/10.3.1/../../../arm-none-eabi/lib/thumb/v7e-m+fp/hard/libc_nano.a(lib_a-memmove.o)
                0x00000000080051bc                memmove
 .text          0x00000000080052b4        0x8 /usr/lib/gcc/arm-none-eabi/10.3.1/../../../arm-none-eabi/lib/thumb/v7e-m+fp/hard/libc_nano.a(lib_a-mlock.o)
                0x00000000080052b4                __malloc_lock
                0x00000000080052b8                __malloc_unlock
 .text          0x00000000080052bc       0x50 /usr/lib/gcc/arm-none-eabi/10.3.1/../../../arm-none-eabi/lib/thumb/v7e-m+fp/hard/libc_nano.a(lib_a-nano-reallocr.o)
                0x00000000080052bc                _realloc_r
 .text          0x000000000800530c       0x2c /usr/lib/gcc/arm-none-eabi/10.3.1/../../../arm-none-eabi/lib/thumb/v7e-m+fp/hard/libc_nano.a(lib_a-readr.o)
                0x000000000800530c                _read_r
 .text          0x0000000008005338       0x30 /usr/lib/gcc/arm-none-eabi/10.3.1/../../../arm-none-eabi/lib/thumb/v7e-m+fp/hard/libc_nano.a(lib_a-wctomb_r.o)
                0x0000000008005338                _wctomb_r
                0x000000000800534c                __ascii_wctomb
 .text          0x0000000008005368       0x10 /usr/lib/gcc/arm-none-eabi/10.3.1/../../../arm-none-eabi/lib/thumb/v7e-m+fp/hard/libc_nano.a(lib_a-abort.o)
                0x0000000008005368                abort
 .text          0x0000000008005378       0x2c /usr/lib/gcc/arm-none-eabi/10.3.1/../../../arm-none-eabi/lib/thumb/v7e-m+fp/hard/libc_nano.a(lib_a-fstatr.o)
                0x0000000008005378                _fstat_r
 .text          0x00000000080053a4       0x24 /usr/lib/gcc/arm-none-eabi/10.3.1/../../../arm-none-eabi/lib/thumb/v7e-m+fp/hard/libc_nano.a(lib_a-isattyr.o)
                0x00000000080053a4                _isatty_r
 .text          0x00000000080053c8       0x14 /usr/lib/gcc/arm-none-eabi/10.3.1/../../../arm-none-eabi/lib/thumb/v7e-m+fp/hard/libc_nano.a(lib_a-nano-msizer.o)
                0x00000000080053c8                _malloc_usable_size_r
 .text          0x00000000080053dc      0x268 /usr/lib/gcc/arm-none-eabi/10.3.1/../../../arm-none-eabi/lib/thumb/v7e-m+fp/hard/libc_nano.a(lib_a-signal.o)
                0x00000000080053dc                _init_signal_r
                0x0000000008005408                _signal_r
                0x0000000008005450                _raise_r
                0x00000000080054a4                __sigtramp_r
                0x0000000008005504                raise
                0x000000000800555c                signal
                0x00000000080055ac                _init_signal
                0x00000000080055e0                __sigtramp
 .text          0x0000000008005644       0x30 /usr/lib/gcc/arm-none-eabi/10.3.1/../../../arm-none-eabi/lib/thumb/v7e-m+fp/hard/libc_nano.a(lib_a-signalr.o)
                0x0000000008005644                _kill_r
                0x0000000008005670                _getpid_r
 .text          0x0000000008005674       0x2c /usr/lib/gcc/arm-none-eabi/10.3.1/thumb/v7e-m+fp/hard/libgcc.a(_arm_unorddf2.o)
                0x0000000008005674                __aeabi_dcmpun
                0x0000000008005674                __unorddf2
 .text          0x00000000080056a0       0x50 /usr/lib/gcc/arm-none-eabi/10.3.1/thumb/v7e-m+fp/hard/libgcc.a(_arm_fixdfsi.o)
                0x00000000080056a0                __fixdfsi
                0x00000000080056a0                __aeabi_d2iz
 *(.text*)
 .text.main     0x00000000080056f0       0x46 build/app/main.o
                0x00000000080056f0                main
 *fill*         0x0000000008005736        0x2 
 .text.task_pos
                0x0000000008005738       0x2c build/app/task.o
                0x0000000008005738                task_pos
 .text.task_tel
                0x0000000008005764       0x2c build/app/task.o
                0x0000000008005764                task_tel
 .text.task_led
                0x0000000008005790      0x130 build/app/task.o
                0x0000000008005790                task_led
 .text.task_create
                0x00000000080058c0       0x50 build/app/task.o
                0x00000000080058c0                task_create
 .text.NMI_Handler
                0x0000000008005910        0xe build/arch/stm32f4xx_it.o
                0x0000000008005910                NMI_Handler
 .text.HardFault_Handler
                0x000000000800591e        0x6 build/arch/stm32f4xx_it.o
                0x000000000800591e                HardFault_Handler
 .text.MemManage_Handler
                0x0000000008005924        0x6 build/arch/stm32f4xx_it.o
                0x0000000008005924                MemManage_Handler
 .text.BusFault_Handler
                0x000000000800592a        0x6 build/arch/stm32f4xx_it.o
                0x000000000800592a                BusFault_Handler
 .text.UsageFault_Handler
                0x0000000008005930        0x6 build/arch/stm32f4xx_it.o
                0x0000000008005930                UsageFault_Handler
 .text.SVC_Handler
                0x0000000008005936        0xe build/arch/stm32f4xx_it.o
                0x0000000008005936                SVC_Handler
 .text.DebugMon_Handler
                0x0000000008005944        0xe build/arch/stm32f4xx_it.o
                0x0000000008005944                DebugMon_Handler
 *fill*         0x0000000008005952        0x2 
 .text.SystemInit
                0x0000000008005954       0x6c build/arch/system_stm32f4xx.o
                0x0000000008005954                SystemInit
 .text.SetSysClock
                0x00000000080059c0       0xf8 build/arch/system_stm32f4xx.o
 .text.bsp_i2c3_init
                0x0000000008005ab8      0x110 build/bsp/bsp_iic.o
                0x0000000008005ab8                bsp_i2c3_init
 .text.i2c3_start
                0x0000000008005bc8       0x34 build/bsp/bsp_iic.o
 .text.i2c3_stop
                0x0000000008005bfc       0x24 build/bsp/bsp_iic.o
 .text.i2c3_send_addr
                0x0000000008005c20       0x48 build/bsp/bsp_iic.o
 .text.i2c3_write_byte
                0x0000000008005c68       0x34 build/bsp/bsp_iic.o
 .text.i2c3_read_byte
                0x0000000008005c9c       0x5c build/bsp/bsp_iic.o
 .text.bsp_i2c3_write
                0x0000000008005cf8       0x3c build/bsp/bsp_iic.o
                0x0000000008005cf8                bsp_i2c3_write
 .text.bsp_i2c3_read
                0x0000000008005d34       0x4c build/bsp/bsp_iic.o
                0x0000000008005d34                bsp_i2c3_read
 .text.bsp_i2c3_read_buffer
                0x0000000008005d80       0x7c build/bsp/bsp_iic.o
                0x0000000008005d80                bsp_i2c3_read_buffer
 .text.BSP_LED_Init
                0x0000000008005dfc       0x44 build/bsp/bsp_led.o
                0x0000000008005dfc                BSP_LED_Init
 .text.BSP_LED_SetAll
                0x0000000008005e40       0x84 build/bsp/bsp_led.o
                0x0000000008005e40                BSP_LED_SetAll
 .text.bsp_spi2_cs_high
                0x0000000008005ec4       0x1c build/bsp/bsp_spi.o
                0x0000000008005ec4                bsp_spi2_cs_high
 .text.bsp_spi2_init
                0x0000000008005ee0      0x12c build/bsp/bsp_spi.o
                0x0000000008005ee0                bsp_spi2_init
 .text.bsp_spi3_cs_low
                0x000000000800600c       0x1c build/bsp/bsp_spi.o
                0x000000000800600c                bsp_spi3_cs_low
 .text.bsp_spi3_cs_high
                0x0000000008006028       0x1c build/bsp/bsp_spi.o
                0x0000000008006028                bsp_spi3_cs_high
 .text.bsp_spi3_init
                0x0000000008006044      0x124 build/bsp/bsp_spi.o
                0x0000000008006044                bsp_spi3_init
 .text.bsp_spi3_transfer
                0x0000000008006168       0x4c build/bsp/bsp_spi.o
                0x0000000008006168                bsp_spi3_transfer
 .text.NVIC_EnableIRQ
                0x00000000080061b4       0x34 build/bsp/bsp_uart.o
 .text.NVIC_SetPriority
                0x00000000080061e8       0x54 build/bsp/bsp_uart.o
 .text.uart_init
                0x000000000800623c       0xd8 build/bsp/bsp_uart.o
                0x000000000800623c                uart_init
 .text.uart_send_char
                0x0000000008006314       0x34 build/bsp/bsp_uart.o
                0x0000000008006314                uart_send_char
 .text.USART2_IRQHandler
                0x0000000008006348       0x70 build/bsp/bsp_uart.o
                0x0000000008006348                USART2_IRQHandler
 .text.delay_ms
                0x00000000080063b8       0x3a build/bsp/delay.o
                0x00000000080063b8                delay_ms
 .text.icm_write_reg
                0x00000000080063f2       0x36 build/bsp/drv_icm42688.o
 .text.icm_read_reg
                0x0000000008006428       0x34 build/bsp/drv_icm42688.o
 .text.icm_read_buf
                0x000000000800645c       0x52 build/bsp/drv_icm42688.o
 .text.icm_bank
                0x00000000080064ae       0x1c build/bsp/drv_icm42688.o
 .text.drv_icm42688_init
                0x00000000080064ca      0x110 build/bsp/drv_icm42688.o
                0x00000000080064ca                drv_icm42688_init
 .text.drv_icm42688_read_raw
                0x00000000080065da       0x9e build/bsp/drv_icm42688.o
                0x00000000080065da                drv_icm42688_read_raw
 .text.ist_write
                0x0000000008006678       0x24 build/bsp/drv_ist8310.o
 .text.ist_read
                0x000000000800669c       0x1e build/bsp/drv_ist8310.o
 .text.ist_read_buf
                0x00000000080066ba       0x26 build/bsp/drv_ist8310.o
 .text.drv_ist8310_detect
                0x00000000080066e0       0x24 build/bsp/drv_ist8310.o
                0x00000000080066e0                drv_ist8310_detect
 .text.drv_ist8310_init
                0x0000000008006704       0x34 build/bsp/drv_ist8310.o
                0x0000000008006704                drv_ist8310_init
 .text.drv_ist8310_read_raw
                0x0000000008006738       0x74 build/bsp/drv_ist8310.o
                0x0000000008006738                drv_ist8310_read_raw
 .text.delay_ms
                0x00000000080067ac       0x32 build/bsp/drv_ms5611.o
 .text.write_cmd
                0x00000000080067de       0x1e build/bsp/drv_ms5611.o
 .text.prom_read
                0x00000000080067fc       0x3a build/bsp/drv_ms5611.o
 .text.adc_read
                0x0000000008006836       0x28 build/bsp/drv_ms5611.o
 .text.wait_conv
                0x000000000800685e        0xe build/bsp/drv_ms5611.o
 .text.start_temp_conv
                0x000000000800686c        0xe build/bsp/drv_ms5611.o
 .text.start_press_conv
                0x000000000800687a        0xe build/bsp/drv_ms5611.o
 .text.crc_check
                0x0000000008006888       0xda build/bsp/drv_ms5611.o
 *fill*         0x0000000008006962        0x2 
 .text.compensate
                0x0000000008006964      0x4b0 build/bsp/drv_ms5611.o
 .text.drv_ms5611_init
                0x0000000008006e14       0x94 build/bsp/drv_ms5611.o
                0x0000000008006e14                drv_ms5611_init
 .text.drv_ms5611_read_raw
                0x0000000008006ea8       0x5c build/bsp/drv_ms5611.o
                0x0000000008006ea8                drv_ms5611_read_raw
 .text.drv_ms5611_update
                0x0000000008006f04       0x28 build/bsp/drv_ms5611.o
                0x0000000008006f04                drv_ms5611_update
 .text.FC_SetStatus
                0x0000000008006f2c       0x20 build/bsp/fc_status.o
                0x0000000008006f2c                FC_SetStatus
 .text.FC_GetStatus
                0x0000000008006f4c       0x18 build/bsp/fc_status.o
                0x0000000008006f4c                FC_GetStatus
 .text._exit    0x0000000008006f64        0xa build/bsp/syscall.o
                0x0000000008006f64                _exit
 *fill*         0x0000000008006f6e        0x2 
 .text._kill    0x0000000008006f70       0x24 build/bsp/syscall.o
                0x0000000008006f70                _kill
 .text._getpid  0x0000000008006f94       0x10 build/bsp/syscall.o
                0x0000000008006f94                _getpid
 .text._close   0x0000000008006fa4       0x18 build/bsp/syscall.o
                0x0000000008006fa4                _close
 .text._fstat   0x0000000008006fbc       0x20 build/bsp/syscall.o
                0x0000000008006fbc                _fstat
 .text._isatty  0x0000000008006fdc       0x16 build/bsp/syscall.o
                0x0000000008006fdc                _isatty
 .text._lseek   0x0000000008006ff2       0x1a build/bsp/syscall.o
                0x0000000008006ff2                _lseek
 .text._read    0x000000000800700c       0x1a build/bsp/syscall.o
                0x000000000800700c                _read
 .text._write   0x0000000008007026       0x4a build/bsp/syscall.o
                0x0000000008007026                _write
 .text._sbrk    0x0000000008007070       0x40 build/bsp/syscall.o
                0x0000000008007070                _sbrk
 .text.NVIC_PriorityGroupConfig
                0x00000000080070b0       0x28 build/lib/src/misc.o
                0x00000000080070b0                NVIC_PriorityGroupConfig
 .text.GPIO_Init
                0x00000000080070d8      0x11e build/lib/src/stm32f4xx_gpio.o
                0x00000000080070d8                GPIO_Init
 .text.GPIO_SetBits
                0x00000000080071f6       0x1e build/lib/src/stm32f4xx_gpio.o
                0x00000000080071f6                GPIO_SetBits
 .text.GPIO_ResetBits
                0x0000000008007214       0x20 build/lib/src/stm32f4xx_gpio.o
                0x0000000008007214                GPIO_ResetBits
 .text.RCC_AHB1PeriphClockCmd
                0x0000000008007234       0x40 build/lib/src/stm32f4xx_rcc.o
                0x0000000008007234                RCC_AHB1PeriphClockCmd
 .text.InitTaskContext
                0x0000000008007274       0x5a build/os/arch.o
                0x0000000008007274                InitTaskContext
 *fill*         0x00000000080072ce        0x2 
 .text.SysTick_Handler
                0x00000000080072d0       0x9c build/os/arch.o
                0x00000000080072d0                SysTick_Handler
 .text.OsSchedUnlock
                0x000000000800736c       0x50 build/os/core.o
                0x000000000800736c                OsSchedUnlock
 .text.CoInitOS
                0x00000000080073bc       0x80 build/os/core.o
                0x00000000080073bc                CoInitOS
 .text.CoStartOS
                0x000000000800743c       0x38 build/os/core.o
                0x000000000800743c                CoStartOS
 .text.CreateEventList
                0x0000000008007474       0x7c build/os/event.o
                0x0000000008007474                CreateEventList
 .text.EventTaskToRdy
                0x00000000080074f0       0xcc build/os/event.o
                0x00000000080074f0                EventTaskToRdy
 .text.RemoveEventWaittingList
                0x00000000080075bc       0x9c build/os/event.o
                0x00000000080075bc                RemoveEventWaittingList
 .text.CoSetFlag
                0x0000000008007658       0xf8 build/os/flag.o
                0x0000000008007658                CoSetFlag
 .text.RemoveFromLink
                0x0000000008007750       0x54 build/os/flag.o
 .text.RemoveLinkNode
                0x00000000080077a4       0x88 build/os/flag.o
                0x00000000080077a4                RemoveLinkNode
 .text.CoIdleTask
                0x000000000800782c        0xa build/os/hook.o
                0x000000000800782c                CoIdleTask
 .text.CoStkOverflowHook
                0x0000000008007836        0xc build/os/hook.o
                0x0000000008007836                CoStkOverflowHook
 *fill*         0x0000000008007842        0x2 
 .text.CoCreateKheap
                0x0000000008007844       0x48 build/os/kernelHeap.o
                0x0000000008007844                CoCreateKheap
 .text.CoPostMail
                0x000000000800788c       0x74 build/os/mbox.o
                0x000000000800788c                CoPostMail
 .text.IRQ_ENABLE_RESTORE
                0x0000000008007900       0x10 build/os/port.o
                0x0000000008007900                IRQ_ENABLE_RESTORE
 .text.IRQ_DISABLE_SAVE
                0x0000000008007910       0x10 build/os/port.o
                0x0000000008007910                IRQ_DISABLE_SAVE
 .text.SetEnvironment
                0x0000000008007920        0xc build/os/port.o
                0x0000000008007920                SetEnvironment
 .text.SwitchContext
                0x000000000800792c       0x18 build/os/port.o
                0x000000000800792c                SwitchContext
 .text.PendSV_Handler
                0x0000000008007944       0x48 build/os/port.o
                0x0000000008007944                PendSV_Handler
 .text.CoPostQueueMail
                0x000000000800798c       0xac build/os/queue.o
                0x000000000800798c                CoPostQueueMail
 .text.CoPostSem
                0x0000000008007a38       0x78 build/os/sem.o
                0x0000000008007a38                CoPostSem
 .text.RespondSRQ
                0x0000000008007ab0      0x100 build/os/serviceReq.o
                0x0000000008007ab0                RespondSRQ
 .text.CreateTCBList
                0x0000000008007bb0       0x68 build/os/task.o
                0x0000000008007bb0                CreateTCBList
 .text.InsertToTCBRdyList
                0x0000000008007c18       0xac build/os/task.o
                0x0000000008007c18                InsertToTCBRdyList
 .text.RemoveFromTCBRdyList
                0x0000000008007cc4       0x88 build/os/task.o
                0x0000000008007cc4                RemoveFromTCBRdyList
 .text.Schedule
                0x0000000008007d4c       0xd4 build/os/task.o
                0x0000000008007d4c                Schedule
 .text.AssignTCB
                0x0000000008007e20       0x4c build/os/task.o
 .text.CreateTask
                0x0000000008007e6c       0xf8 build/os/task.o
                0x0000000008007e6c                CreateTask
 .text.InsertDelayList
                0x0000000008007f64       0xf0 build/os/time.o
                0x0000000008007f64                InsertDelayList
 .text.RemoveDelayList
                0x0000000008008054       0xb4 build/os/time.o
                0x0000000008008054                RemoveDelayList
 .text.CoTickDelay
                0x0000000008008108       0x70 build/os/time.o
                0x0000000008008108                CoTickDelay
 .text.TimeDispose
                0x0000000008008178       0x78 build/os/time.o
                0x0000000008008178                TimeDispose
 .text.isr_TimeDispose
                0x00000000080081f0       0x30 build/os/time.o
                0x00000000080081f0                isr_TimeDispose
 .text.InsertTmrList
                0x0000000008008220      0x1dc build/os/timer.o
 .text.RemoveTmrList
                0x00000000080083fc       0xd4 build/os/timer.o
 .text.TmrDispose
                0x00000000080084d0       0x78 build/os/timer.o
                0x00000000080084d0                TmrDispose
 .text.isr_TmrDispose
                0x0000000008008548       0x30 build/os/timer.o
                0x0000000008008548                isr_TmrDispose
 .text.imu_init
                0x0000000008008578       0x10 build/mod/imu.o
                0x0000000008008578                imu_init
 .text.imu_calibrate
                0x0000000008008588      0x238 build/mod/imu.o
                0x0000000008008588                imu_calibrate
 .text.pressure_to_altitude
                0x00000000080087c0       0x50 build/mod/position.o
 .text.position_init
                0x0000000008008810       0x1c build/mod/position.o
                0x0000000008008810                position_init
 .text.position_update
                0x000000000800882c       0x60 build/mod/position.o
                0x000000000800882c                position_update
 .text.position_calibrate
                0x000000000800888c       0x68 build/mod/position.o
                0x000000000800888c                position_calibrate
 .text.position_get_altitude
                0x00000000080088f4       0x1e build/mod/position.o
                0x00000000080088f4                position_get_altitude
 *fill*         0x0000000008008912        0x2 
 .text.Reset_Handler
                0x0000000008008914       0x44 build/arch/startup_stm32f40_41xxx.o
                0x0000000008008914                Reset_Handler
 .text.Default_Handler
                0x0000000008008958        0x2 build/arch/startup_stm32f40_41xxx.o
                0x0000000008008958                RTC_Alarm_IRQHandler
                0x0000000008008958                HASH_RNG_IRQHandler
                0x0000000008008958                EXTI2_IRQHandler
                0x0000000008008958                TIM8_CC_IRQHandler
                0x0000000008008958                TIM1_CC_IRQHandler
                0x0000000008008958                DMA2_Stream5_IRQHandler
                0x0000000008008958                DMA1_Stream5_IRQHandler
                0x0000000008008958                PVD_IRQHandler
                0x0000000008008958                SDIO_IRQHandler
                0x0000000008008958                TAMP_STAMP_IRQHandler
                0x0000000008008958                CAN2_RX1_IRQHandler
                0x0000000008008958                EXTI3_IRQHandler
                0x0000000008008958                TIM8_TRG_COM_TIM14_IRQHandler
                0x0000000008008958                TIM1_UP_TIM10_IRQHandler
                0x0000000008008958                TIM8_UP_TIM13_IRQHandler
                0x0000000008008958                I2C3_ER_IRQHandler
                0x0000000008008958                EXTI0_IRQHandler
                0x0000000008008958                I2C2_EV_IRQHandler
                0x0000000008008958                DMA1_Stream2_IRQHandler
                0x0000000008008958                CAN1_RX0_IRQHandler
                0x0000000008008958                FPU_IRQHandler
                0x0000000008008958                OTG_HS_WKUP_IRQHandler
                0x0000000008008958                CAN2_SCE_IRQHandler
                0x0000000008008958                DMA2_Stream2_IRQHandler
                0x0000000008008958                SPI1_IRQHandler
                0x0000000008008958                TIM6_DAC_IRQHandler
                0x0000000008008958                TIM1_BRK_TIM9_IRQHandler
                0x0000000008008958                DCMI_IRQHandler
                0x0000000008008958                CAN2_RX0_IRQHandler
                0x0000000008008958                DMA2_Stream3_IRQHandler
                0x0000000008008958                USART6_IRQHandler
                0x0000000008008958                USART3_IRQHandler
                0x0000000008008958                CRYP_IRQHandler
                0x0000000008008958                CAN1_RX1_IRQHandler
                0x0000000008008958                UART5_IRQHandler
                0x0000000008008958                DMA2_Stream0_IRQHandler
                0x0000000008008958                TIM4_IRQHandler
                0x0000000008008958                I2C1_EV_IRQHandler
                0x0000000008008958                DMA1_Stream6_IRQHandler
                0x0000000008008958                DMA1_Stream1_IRQHandler
                0x0000000008008958                UART4_IRQHandler
                0x0000000008008958                TIM3_IRQHandler
                0x0000000008008958                RCC_IRQHandler
                0x0000000008008958                TIM8_BRK_TIM12_IRQHandler
                0x0000000008008958                Default_Handler
                0x0000000008008958                EXTI15_10_IRQHandler
                0x0000000008008958                ADC_IRQHandler
                0x0000000008008958                DMA1_Stream7_IRQHandler
                0x0000000008008958                TIM7_IRQHandler
                0x0000000008008958                CAN2_TX_IRQHandler
                0x0000000008008958                TIM5_IRQHandler
                0x0000000008008958                DMA2_Stream7_IRQHandler
                0x0000000008008958                I2C3_EV_IRQHandler
                0x0000000008008958                EXTI9_5_IRQHandler
                0x0000000008008958                RTC_WKUP_IRQHandler
                0x0000000008008958                ETH_WKUP_IRQHandler
                0x0000000008008958                SPI2_IRQHandler
                0x0000000008008958                OTG_HS_EP1_IN_IRQHandler
                0x0000000008008958                DMA1_Stream0_IRQHandler
                0x0000000008008958                CAN1_TX_IRQHandler
                0x0000000008008958                EXTI4_IRQHandler
                0x0000000008008958                FSMC_IRQHandler
                0x0000000008008958                ETH_IRQHandler
                0x0000000008008958                OTG_HS_EP1_OUT_IRQHandler
                0x0000000008008958                WWDG_IRQHandler
                0x0000000008008958                TIM2_IRQHandler
                0x0000000008008958                OTG_FS_WKUP_IRQHandler
                0x0000000008008958                TIM1_TRG_COM_TIM11_IRQHandler
                0x0000000008008958                OTG_HS_IRQHandler
                0x0000000008008958                EXTI1_IRQHandler
                0x0000000008008958                I2C2_ER_IRQHandler
                0x0000000008008958                DMA2_Stream1_IRQHandler
                0x0000000008008958                CAN1_SCE_IRQHandler
                0x0000000008008958                FLASH_IRQHandler
                0x0000000008008958                DMA2_Stream4_IRQHandler
                0x0000000008008958                USART1_IRQHandler
                0x0000000008008958                OTG_FS_IRQHandler
                0x0000000008008958                SPI3_IRQHandler
                0x0000000008008958                DMA1_Stream4_IRQHandler
                0x0000000008008958                I2C1_ER_IRQHandler
                0x0000000008008958                DMA2_Stream6_IRQHandler
                0x0000000008008958                DMA1_Stream3_IRQHandler
 *(.rodata)
 *fill*         0x000000000800895a        0x2 
 .rodata        0x000000000800895c        0xa build/app/task.o
 *fill*         0x0000000008008966        0x2 
 .rodata        0x0000000008008968        0x8 /usr/lib/gcc/arm-none-eabi/10.3.1/../../../arm-none-eabi/lib/thumb/v7e-m+fp/hard/libm.a(lib_a-sf_rint.o)
 .rodata        0x0000000008008970        0x4 /usr/lib/gcc/arm-none-eabi/10.3.1/../../../arm-none-eabi/lib/thumb/v7e-m+fp/hard/libc_nano.a(lib_a-impure.o)
                0x0000000008008970                _global_impure_ptr
 .rodata        0x0000000008008974       0x60 /usr/lib/gcc/arm-none-eabi/10.3.1/../../../arm-none-eabi/lib/thumb/v7e-m+fp/hard/libc_nano.a(lib_a-findfp.o)
                0x0000000008008974                __sf_fake_stderr
                0x0000000008008994                __sf_fake_stdout
                0x00000000080089b4                __sf_fake_stdin
 *fill*         0x00000000080089d4        0x4 
 .rodata        0x00000000080089d8      0x128 /usr/lib/gcc/arm-none-eabi/10.3.1/../../../arm-none-eabi/lib/thumb/v7e-m+fp/hard/libc_nano.a(lib_a-mprec.o)
                0x00000000080089e8                __mprec_tens
                0x0000000008008ab0                __mprec_tinytens
                0x0000000008008ad8                __mprec_bigtens
 .rodata        0x0000000008008b00      0x101 /usr/lib/gcc/arm-none-eabi/10.3.1/../../../arm-none-eabi/lib/thumb/v7e-m+fp/hard/libc_nano.a(lib_a-ctype_.o)
                0x0000000008008b00                _ctype_
 *(.rodata*)
 .rodata.str1.4
                0x0000000008008c01        0x0 /usr/lib/gcc/arm-none-eabi/10.3.1/../../../arm-none-eabi/lib/thumb/v7e-m+fp/hard/libm.a(lib_a-ef_pow.o)
                                          0x1 (size before relaxing)
 *fill*         0x0000000008008c01        0x3 
 .rodata.str1.4
                0x0000000008008c04       0x12 /usr/lib/gcc/arm-none-eabi/10.3.1/../../../arm-none-eabi/lib/thumb/v7e-m+fp/hard/libc_nano.a(lib_a-nano-vfprintf_float.o)
 *fill*         0x0000000008008c16        0x2 
 .rodata.str1.4
                0x0000000008008c18       0x25 /usr/lib/gcc/arm-none-eabi/10.3.1/../../../arm-none-eabi/lib/thumb/v7e-m+fp/hard/libc_nano.a(lib_a-nano-vfprintf_i.o)
 *fill*         0x0000000008008c3d        0x3 
 .rodata.str1.4
                0x0000000008008c40       0x6d /usr/lib/gcc/arm-none-eabi/10.3.1/../../../arm-none-eabi/lib/thumb/v7e-m+fp/hard/libc_nano.a(lib_a-dtoa.o)
                                         0x71 (size before relaxing)
 *fill*         0x0000000008008cad        0x3 
 .rodata.str1.4
                0x0000000008008cb0       0x33 /usr/lib/gcc/arm-none-eabi/10.3.1/../../../arm-none-eabi/lib/thumb/v7e-m+fp/hard/libc_nano.a(lib_a-mprec.o)
                                         0x5d (size before relaxing)
 *fill*         0x0000000008008ce3        0x1 
 .rodata.str1.4
                0x0000000008008ce4       0x13 /usr/lib/gcc/arm-none-eabi/10.3.1/../../../arm-none-eabi/lib/thumb/v7e-m+fp/hard/libc_nano.a(lib_a-nano-vfprintf.o)
 *fill*         0x0000000008008cf7        0x1 
 .rodata.str1.4
                0x0000000008008cf8       0x3f /usr/lib/gcc/arm-none-eabi/10.3.1/../../../arm-none-eabi/lib/thumb/v7e-m+fp/hard/libc_nano.a(lib_a-assert.o)
                                         0x43 (size before relaxing)
 *fill*         0x0000000008008d37        0x1 
 .rodata.str1.4
                0x0000000008008d38        0xe /usr/lib/gcc/arm-none-eabi/10.3.1/../../../arm-none-eabi/lib/thumb/v7e-m+fp/hard/libc_nano.a(lib_a-locale.o)
                                         0x12 (size before relaxing)
 *(.glue_7)
 .glue_7        0x0000000008008d46        0x0 linker stubs
 *(.glue_7t)
 .glue_7t       0x0000000008008d46        0x0 linker stubs
 *(.eh_frame)
 *fill*         0x0000000008008d46        0x2 
 .eh_frame      0x0000000008008d48        0x0 /usr/lib/gcc/arm-none-eabi/10.3.1/thumb/v7e-m+fp/hard/crtbegin.o
 *(.init)
 .init          0x0000000008008d48        0x4 /usr/lib/gcc/arm-none-eabi/10.3.1/thumb/v7e-m+fp/hard/crti.o
                0x0000000008008d48                _init
 .init          0x0000000008008d4c        0x8 /usr/lib/gcc/arm-none-eabi/10.3.1/thumb/v7e-m+fp/hard/crtn.o
 *(.fini)
 .fini          0x0000000008008d54        0x4 /usr/lib/gcc/arm-none-eabi/10.3.1/thumb/v7e-m+fp/hard/crti.o
                0x0000000008008d54                _fini
 .fini          0x0000000008008d58        0x8 /usr/lib/gcc/arm-none-eabi/10.3.1/thumb/v7e-m+fp/hard/crtn.o
                0x0000000008008d60                . = ALIGN (0x4)
                0x0000000008008d60                _etext = .

.vfp11_veneer   0x0000000008008d60        0x0
 .vfp11_veneer  0x0000000008008d60        0x0 linker stubs

.v4_bx          0x0000000008008d60        0x0
 .v4_bx         0x0000000008008d60        0x0 linker stubs

.iplt           0x0000000008008d60        0x0
 .iplt          0x0000000008008d60        0x0 /usr/lib/gcc/arm-none-eabi/10.3.1/thumb/v7e-m+fp/hard/crtbegin.o

.rel.dyn        0x0000000008008d60        0x0
 .rel.iplt      0x0000000008008d60        0x0 /usr/lib/gcc/arm-none-eabi/10.3.1/thumb/v7e-m+fp/hard/crtbegin.o

.ARM.extab
 *(.ARM.extab* .gnu.linkonce.armextab.*)

.ARM            0x0000000008008d60        0x0
                0x0000000008008d60                __exidx_start = .
 *(.ARM.exidx*)
                0x0000000008008d60                __exidx_end = .

.preinit_array  0x0000000008008d60        0x0
                0x0000000008008d60                PROVIDE (__preinit_array_start = .)
 *(.preinit_array*)
                0x0000000008008d60                PROVIDE (__preinit_array_end = .)

.init_array     0x0000000008008d60        0x4
                0x0000000008008d60                PROVIDE (__init_array_start = .)
 *(SORT_BY_NAME(.init_array.*))
 *(.init_array*)
 .init_array    0x0000000008008d60        0x4 /usr/lib/gcc/arm-none-eabi/10.3.1/thumb/v7e-m+fp/hard/crtbegin.o
                0x0000000008008d64                PROVIDE (__init_array_end = .)

.fini_array     0x0000000008008d64        0x4
                0x0000000008008d64                PROVIDE (__fini_array_start = .)
 *(.fini_array*)
 .fini_array    0x0000000008008d64        0x4 /usr/lib/gcc/arm-none-eabi/10.3.1/thumb/v7e-m+fp/hard/crtbegin.o
 *(SORT_BY_NAME(.fini_array.*))
                0x0000000008008d68                PROVIDE (__fini_array_end = .)
                0x0000000008008d68                _sidata = .

.data           0x0000000020000000      0x1e4 load address 0x0000000008008d68
                0x0000000020000000                . = ALIGN (0x4)
                0x0000000020000000                _sdata = .
 *(.data)
 .data          0x0000000020000000        0x1 /usr/lib/gcc/arm-none-eabi/10.3.1/../../../arm-none-eabi/lib/thumb/v7e-m+fp/hard/libm.a(lib_a-s_lib_ver.o)
                0x0000000020000000                __fdlib_version
 *fill*         0x0000000020000001        0x3 
 .data          0x0000000020000004       0x64 /usr/lib/gcc/arm-none-eabi/10.3.1/../../../arm-none-eabi/lib/thumb/v7e-m+fp/hard/libc_nano.a(lib_a-impure.o)
                0x0000000020000004                _impure_ptr
 .data          0x0000000020000068      0x16c /usr/lib/gcc/arm-none-eabi/10.3.1/../../../arm-none-eabi/lib/thumb/v7e-m+fp/hard/libc_nano.a(lib_a-locale.o)
                0x0000000020000068                __global_locale
 *(.data*)
 .data.SystemCoreClock
                0x00000000200001d4        0x4 build/arch/system_stm32f4xx.o
                0x00000000200001d4                SystemCoreClock
 .data.NVIC_INT_CTRL
                0x00000000200001d8        0x4 build/os/port.o
                0x00000000200001d8                NVIC_INT_CTRL
 .data.NVIC_PENDSVSET
                0x00000000200001dc        0x4 build/os/port.o
                0x00000000200001dc                NVIC_PENDSVSET
 .data.pressure_ref
                0x00000000200001e0        0x4 build/mod/position.o
                0x00000000200001e4                . = ALIGN (0x4)
                0x00000000200001e4                _edata = .

.tm_clone_table
                0x00000000200001e4        0x0 load address 0x0000000008008f4c
 .tm_clone_table
                0x00000000200001e4        0x0 /usr/lib/gcc/arm-none-eabi/10.3.1/thumb/v7e-m+fp/hard/crtbegin.o
 .tm_clone_table
                0x00000000200001e4        0x0 /usr/lib/gcc/arm-none-eabi/10.3.1/thumb/v7e-m+fp/hard/crtend.o

.igot.plt       0x00000000200001e4        0x0 load address 0x0000000008008f4c
 .igot.plt      0x00000000200001e4        0x0 /usr/lib/gcc/arm-none-eabi/10.3.1/thumb/v7e-m+fp/hard/crtbegin.o
                0x00000000200001e4                . = ALIGN (0x4)

.bss            0x00000000200001e8     0x11bc load address 0x0000000008008f50
                0x00000000200001e8                _sbss = .
                0x00000000200001e8                __bss_start__ = _sbss
 *(.bss)
 .bss           0x00000000200001e8       0x1c /usr/lib/gcc/arm-none-eabi/10.3.1/thumb/v7e-m+fp/hard/crtbegin.o
 .bss           0x0000000020000204        0x4 /usr/lib/gcc/arm-none-eabi/10.3.1/../../../arm-none-eabi/lib/thumb/v7e-m+fp/hard/libc_nano.a(lib_a-reent.o)
                0x0000000020000204                errno
 .bss           0x0000000020000208        0x8 /usr/lib/gcc/arm-none-eabi/10.3.1/../../../arm-none-eabi/lib/thumb/v7e-m+fp/hard/libc_nano.a(lib_a-nano-mallocr.o)
                0x0000000020000208                __malloc_free_list
                0x000000002000020c                __malloc_sbrk_start
 *(.bss*)
 .bss.tel_stk   0x0000000020000210      0x400 build/app/task.o
 .bss.led_stk   0x0000000020000610      0x400 build/app/task.o
 .bss.pos_stk   0x0000000020000a10      0x400 build/app/task.o
 .bss.pos       0x0000000020000e10        0x4 build/app/task.o
 .bss.tick.0    0x0000000020000e14        0x1 build/app/task.o
 *fill*         0x0000000020000e15        0x3 
 .bss.rx_buffer
                0x0000000020000e18       0x80 build/bsp/bsp_uart.o
 .bss.rx_head   0x0000000020000e98        0x2 build/bsp/bsp_uart.o
 .bss.rx_tail   0x0000000020000e9a        0x2 build/bsp/bsp_uart.o
 .bss.ist8310   0x0000000020000e9c       0x18 build/bsp/drv_ist8310.o
                0x0000000020000e9c                ist8310
 .bss.ms5611    0x0000000020000eb4       0x20 build/bsp/drv_ms5611.o
                0x0000000020000eb4                ms5611
 .bss.g_fc_status
                0x0000000020000ed4        0x1 build/bsp/fc_status.o
 *fill*         0x0000000020000ed5        0x3 
 .bss.heap_end.0
                0x0000000020000ed8        0x4 build/bsp/syscall.o
 *fill*         0x0000000020000edc        0x4 
 .bss.OSTickCnt
                0x0000000020000ee0        0x8 build/os/arch.o
                0x0000000020000ee0                OSTickCnt
 .bss.OSIntNesting
                0x0000000020000ee8        0x1 build/os/core.o
                0x0000000020000ee8                OSIntNesting
 .bss.OSSchedLock
                0x0000000020000ee9        0x1 build/os/core.o
                0x0000000020000ee9                OSSchedLock
 .bss.TaskSchedReq
                0x0000000020000eea        0x1 build/os/core.o
                0x0000000020000eea                TaskSchedReq
 *fill*         0x0000000020000eeb        0x1 
 .bss.EventTbl  0x0000000020000eec      0x140 build/os/event.o
                0x0000000020000eec                EventTbl
 .bss.FreeEventList
                0x000000002000102c        0x4 build/os/event.o
                0x000000002000102c                FreeEventList
 .bss.FlagCrl   0x0000000020001030       0x14 build/os/flag.o
                0x0000000020001030                FlagCrl
 .bss.KernelHeap
                0x0000000020001044       0xc8 build/os/kernelHeap.o
                0x0000000020001044                KernelHeap
 .bss.FMBlist   0x000000002000110c        0x4 build/os/kernelHeap.o
                0x000000002000110c                FMBlist
 .bss.Kheap     0x0000000020001110        0x8 build/os/kernelHeap.o
                0x0000000020001110                Kheap
 .bss.ServiceReq
                0x0000000020001118       0x2c build/os/serviceReq.o
                0x0000000020001118                ServiceReq
 .bss.IsrReq    0x0000000020001144        0x1 build/os/serviceReq.o
                0x0000000020001144                IsrReq
 .bss.TimeReq   0x0000000020001145        0x1 build/os/serviceReq.o
                0x0000000020001145                TimeReq
 .bss.TimerReq  0x0000000020001146        0x1 build/os/serviceReq.o
                0x0000000020001146                TimerReq
 *fill*         0x0000000020001147        0x1 
 .bss.TCBTbl    0x0000000020001148      0x108 build/os/task.o
                0x0000000020001148                TCBTbl
 .bss.idle_stk  0x0000000020001250       0xe8 build/os/task.o
                0x0000000020001250                idle_stk
 .bss.FreeTCB   0x0000000020001338        0x4 build/os/task.o
                0x0000000020001338                FreeTCB
 .bss.TCBRdy    0x000000002000133c        0x4 build/os/task.o
                0x000000002000133c                TCBRdy
 .bss.TCBNext   0x0000000020001340        0x4 build/os/task.o
                0x0000000020001340                TCBNext
 .bss.TCBRunning
                0x0000000020001344        0x4 build/os/task.o
                0x0000000020001344                TCBRunning
 .bss.DlyList   0x0000000020001348        0x4 build/os/time.o
                0x0000000020001348                DlyList
 .bss.TmrTbl    0x000000002000134c       0x30 build/os/timer.o
                0x000000002000134c                TmrTbl
 .bss.TmrList   0x000000002000137c        0x4 build/os/timer.o
                0x000000002000137c                TmrList
 .bss.gyro_offset
                0x0000000020001380        0xc build/mod/imu.o
 .bss.acc_offset
                0x000000002000138c        0xc build/mod/imu.o
 .bss.mag_offset
                0x0000000020001398        0xc build/mod/imu.o
 *(COMMON)
                0x00000000200013a4                . = ALIGN (0x4)
                0x00000000200013a4                _ebss = .
                0x00000000200013a4                __bss_end__ = _ebss

._user_heap_stack
                0x00000000200013a4      0x400 load address 0x000000000800a10c
                0x00000000200013a4                . = ALIGN (0x4)
                [!provide]                        PROVIDE (end = .)
                0x00000000200013a4                PROVIDE (_end = .)
                0x00000000200013a4                . = (. + _Min_Heap_Size)
                0x00000000200017a4                . = (. + _Min_Stack_Size)
 *fill*         0x00000000200013a4      0x400 
                0x00000000200017a4                . = ALIGN (0x4)

.memory_b1_text
 *(.mb1text)
 *(.mb1text*)
 *(.mb1rodata)
 *(.mb1rodata*)

/DISCARD/
 libc.a(*)
 libm.a(*)
 libgcc.a(*)

.ARM.attributes
                0x0000000000000000       0x30
 *(.ARM.attributes)
 .ARM.attributes
                0x0000000000000000       0x1e /usr/lib/gcc/arm-none-eabi/10.3.1/thumb/v7e-m+fp/hard/crti.o
 .ARM.attributes
                0x000000000000001e       0x34 /usr/lib/gcc/arm-none-eabi/10.3.1/thumb/v7e-m+fp/hard/crtbegin.o
 .ARM.attributes
                0x0000000000000052       0x34 build/app/main.o
 .ARM.attributes
                0x0000000000000086       0x34 build/app/task.o
 .ARM.attributes
                0x00000000000000ba       0x34 build/arch/stm32f4xx_it.o
 .ARM.attributes
                0x00000000000000ee       0x34 build/arch/system_stm32f4xx.o
 .ARM.attributes
                0x0000000000000122       0x34 build/bsp/bsp_iic.o
 .ARM.attributes
                0x0000000000000156       0x34 build/bsp/bsp_led.o
 .ARM.attributes
                0x000000000000018a       0x34 build/bsp/bsp_spi.o
 .ARM.attributes
                0x00000000000001be       0x34 build/bsp/bsp_uart.o
 .ARM.attributes
                0x00000000000001f2       0x34 build/bsp/delay.o
 .ARM.attributes
                0x0000000000000226       0x34 build/bsp/drv_icm42688.o
 .ARM.attributes
                0x000000000000025a       0x34 build/bsp/drv_ist8310.o
 .ARM.attributes
                0x000000000000028e       0x34 build/bsp/drv_ms5611.o
 .ARM.attributes
                0x00000000000002c2       0x34 build/bsp/fc_status.o
 .ARM.attributes
                0x00000000000002f6       0x34 build/bsp/syscall.o
 .ARM.attributes
                0x000000000000032a       0x34 build/lib/src/misc.o
 .ARM.attributes
                0x000000000000035e       0x34 build/lib/src/stm32f4xx_gpio.o
 .ARM.attributes
                0x0000000000000392       0x34 build/lib/src/stm32f4xx_rcc.o
 .ARM.attributes
                0x00000000000003c6       0x34 build/os/arch.o
 .ARM.attributes
                0x00000000000003fa       0x34 build/os/core.o
 .ARM.attributes
                0x000000000000042e       0x34 build/os/event.o
 .ARM.attributes
                0x0000000000000462       0x34 build/os/flag.o
 .ARM.attributes
                0x0000000000000496       0x34 build/os/hook.o
 .ARM.attributes
                0x00000000000004ca       0x34 build/os/kernelHeap.o
 .ARM.attributes
                0x00000000000004fe       0x34 build/os/mbox.o
 .ARM.attributes
                0x0000000000000532       0x34 build/os/port.o
 .ARM.attributes
                0x0000000000000566       0x34 build/os/queue.o
 .ARM.attributes
                0x000000000000059a       0x34 build/os/sem.o
 .ARM.attributes
                0x00000000000005ce       0x34 build/os/serviceReq.o
 .ARM.attributes
                0x0000000000000602       0x34 build/os/task.o
 .ARM.attributes
                0x0000000000000636       0x34 build/os/time.o
 .ARM.attributes
                0x000000000000066a       0x34 build/os/timer.o
 .ARM.attributes
                0x000000000000069e       0x34 build/mod/imu.o
 .ARM.attributes
                0x00000000000006d2       0x34 build/mod/position.o
 .ARM.attributes
                0x0000000000000706       0x21 build/arch/startup_stm32f40_41xxx.o
 .ARM.attributes
                0x0000000000000727       0x34 /usr/lib/gcc/arm-none-eabi/10.3.1/../../../arm-none-eabi/lib/thumb/v7e-m+fp/hard/libm.a(lib_a-wf_pow.o)
 .ARM.attributes
                0x000000000000075b       0x34 /usr/lib/gcc/arm-none-eabi/10.3.1/../../../arm-none-eabi/lib/thumb/v7e-m+fp/hard/libm.a(lib_a-ef_pow.o)
 .ARM.attributes
                0x000000000000078f       0x34 /usr/lib/gcc/arm-none-eabi/10.3.1/../../../arm-none-eabi/lib/thumb/v7e-m+fp/hard/libm.a(lib_a-ef_sqrt.o)
 .ARM.attributes
                0x00000000000007c3       0x32 /usr/lib/gcc/arm-none-eabi/10.3.1/../../../arm-none-eabi/lib/thumb/v7e-m+fp/hard/libm.a(lib_a-s_lib_ver.o)
 .ARM.attributes
                0x00000000000007f5       0x34 /usr/lib/gcc/arm-none-eabi/10.3.1/../../../arm-none-eabi/lib/thumb/v7e-m+fp/hard/libm.a(lib_a-sf_fabs.o)
 .ARM.attributes
                0x0000000000000829       0x34 /usr/lib/gcc/arm-none-eabi/10.3.1/../../../arm-none-eabi/lib/thumb/v7e-m+fp/hard/libm.a(lib_a-sf_finite.o)
 .ARM.attributes
                0x000000000000085d       0x34 /usr/lib/gcc/arm-none-eabi/10.3.1/../../../arm-none-eabi/lib/thumb/v7e-m+fp/hard/libm.a(lib_a-sf_nan.o)
 .ARM.attributes
                0x0000000000000891       0x34 /usr/lib/gcc/arm-none-eabi/10.3.1/../../../arm-none-eabi/lib/thumb/v7e-m+fp/hard/libm.a(lib_a-sf_rint.o)
 .ARM.attributes
                0x00000000000008c5       0x34 /usr/lib/gcc/arm-none-eabi/10.3.1/../../../arm-none-eabi/lib/thumb/v7e-m+fp/hard/libm.a(lib_a-sf_scalbn.o)
 .ARM.attributes
                0x00000000000008f9       0x1e /usr/lib/gcc/arm-none-eabi/10.3.1/thumb/v7e-m+fp/hard/libgcc.a(_arm_addsubdf3.o)
 .ARM.attributes
                0x0000000000000917       0x1e /usr/lib/gcc/arm-none-eabi/10.3.1/thumb/v7e-m+fp/hard/libgcc.a(_arm_muldivdf3.o)
 .ARM.attributes
                0x0000000000000935       0x1e /usr/lib/gcc/arm-none-eabi/10.3.1/thumb/v7e-m+fp/hard/libgcc.a(_arm_cmpdf2.o)
 .ARM.attributes
                0x0000000000000953       0x1e /usr/lib/gcc/arm-none-eabi/10.3.1/thumb/v7e-m+fp/hard/libgcc.a(_arm_addsubsf3.o)
 .ARM.attributes
                0x0000000000000971       0x34 /usr/lib/gcc/arm-none-eabi/10.3.1/../../../arm-none-eabi/lib/thumb/v7e-m+fp/hard/libc_nano.a(lib_a-errno.o)
 .ARM.attributes
                0x00000000000009a5       0x32 /usr/lib/gcc/arm-none-eabi/10.3.1/../../../arm-none-eabi/lib/thumb/v7e-m+fp/hard/libc_nano.a(lib_a-impure.o)
 .ARM.attributes
                0x00000000000009d7       0x34 /usr/lib/gcc/arm-none-eabi/10.3.1/../../../arm-none-eabi/lib/thumb/v7e-m+fp/hard/libc_nano.a(lib_a-memset.o)
 .ARM.attributes
                0x0000000000000a0b       0x34 /usr/lib/gcc/arm-none-eabi/10.3.1/../../../arm-none-eabi/lib/thumb/v7e-m+fp/hard/libc_nano.a(lib_a-nano-vfprintf_float.o)
 .ARM.attributes
                0x0000000000000a3f       0x34 /usr/lib/gcc/arm-none-eabi/10.3.1/../../../arm-none-eabi/lib/thumb/v7e-m+fp/hard/libc_nano.a(lib_a-nano-vfprintf_i.o)
 .ARM.attributes
                0x0000000000000a73       0x34 /usr/lib/gcc/arm-none-eabi/10.3.1/../../../arm-none-eabi/lib/thumb/v7e-m+fp/hard/libc_nano.a(lib_a-printf.o)
 .ARM.attributes
                0x0000000000000aa7       0x34 /usr/lib/gcc/arm-none-eabi/10.3.1/../../../arm-none-eabi/lib/thumb/v7e-m+fp/hard/libc_nano.a(lib_a-reent.o)
 .ARM.attributes
                0x0000000000000adb       0x1c /usr/lib/gcc/arm-none-eabi/10.3.1/../../../arm-none-eabi/lib/thumb/v7e-m+fp/hard/libc_nano.a(lib_a-strlen.o)
 .ARM.attributes
                0x0000000000000af7       0x34 /usr/lib/gcc/arm-none-eabi/10.3.1/../../../arm-none-eabi/lib/thumb/v7e-m+fp/hard/libc_nano.a(lib_a-dtoa.o)
 .ARM.attributes
                0x0000000000000b2b       0x34 /usr/lib/gcc/arm-none-eabi/10.3.1/../../../arm-none-eabi/lib/thumb/v7e-m+fp/hard/libc_nano.a(lib_a-findfp.o)
 .ARM.attributes
                0x0000000000000b5f       0x34 /usr/lib/gcc/arm-none-eabi/10.3.1/../../../arm-none-eabi/lib/thumb/v7e-m+fp/hard/libc_nano.a(lib_a-fwalk.o)
 .ARM.attributes
                0x0000000000000b93       0x34 /usr/lib/gcc/arm-none-eabi/10.3.1/../../../arm-none-eabi/lib/thumb/v7e-m+fp/hard/libc_nano.a(lib_a-localeconv.o)
 .ARM.attributes
                0x0000000000000bc7       0x34 /usr/lib/gcc/arm-none-eabi/10.3.1/../../../arm-none-eabi/lib/thumb/v7e-m+fp/hard/libc_nano.a(lib_a-malloc.o)
 .ARM.attributes
                0x0000000000000bfb       0x1c /usr/lib/gcc/arm-none-eabi/10.3.1/../../../arm-none-eabi/lib/thumb/v7e-m+fp/hard/libc_nano.a(lib_a-memchr.o)
 .ARM.attributes
                0x0000000000000c17       0x1c /usr/lib/gcc/arm-none-eabi/10.3.1/../../../arm-none-eabi/lib/thumb/v7e-m+fp/hard/libc_nano.a(lib_a-memcpy.o)
 .ARM.attributes
                0x0000000000000c33       0x34 /usr/lib/gcc/arm-none-eabi/10.3.1/../../../arm-none-eabi/lib/thumb/v7e-m+fp/hard/libc_nano.a(lib_a-mprec.o)
 .ARM.attributes
                0x0000000000000c67       0x34 /usr/lib/gcc/arm-none-eabi/10.3.1/../../../arm-none-eabi/lib/thumb/v7e-m+fp/hard/libc_nano.a(lib_a-nano-callocr.o)
 .ARM.attributes
                0x0000000000000c9b       0x34 /usr/lib/gcc/arm-none-eabi/10.3.1/../../../arm-none-eabi/lib/thumb/v7e-m+fp/hard/libc_nano.a(lib_a-nano-freer.o)
 .ARM.attributes
                0x0000000000000ccf       0x34 /usr/lib/gcc/arm-none-eabi/10.3.1/../../../arm-none-eabi/lib/thumb/v7e-m+fp/hard/libc_nano.a(lib_a-nano-mallocr.o)
 .ARM.attributes
                0x0000000000000d03       0x34 /usr/lib/gcc/arm-none-eabi/10.3.1/../../../arm-none-eabi/lib/thumb/v7e-m+fp/hard/libc_nano.a(lib_a-nano-vfprintf.o)
 .ARM.attributes
                0x0000000000000d37       0x34 /usr/lib/gcc/arm-none-eabi/10.3.1/../../../arm-none-eabi/lib/thumb/v7e-m+fp/hard/libc_nano.a(lib_a-sbrkr.o)
 .ARM.attributes
                0x0000000000000d6b       0x34 /usr/lib/gcc/arm-none-eabi/10.3.1/../../../arm-none-eabi/lib/thumb/v7e-m+fp/hard/libc_nano.a(lib_a-stdio.o)
 .ARM.attributes
                0x0000000000000d9f       0x34 /usr/lib/gcc/arm-none-eabi/10.3.1/../../../arm-none-eabi/lib/thumb/v7e-m+fp/hard/libc_nano.a(lib_a-wbuf.o)
 .ARM.attributes
                0x0000000000000dd3       0x34 /usr/lib/gcc/arm-none-eabi/10.3.1/../../../arm-none-eabi/lib/thumb/v7e-m+fp/hard/libc_nano.a(lib_a-writer.o)
 .ARM.attributes
                0x0000000000000e07       0x34 /usr/lib/gcc/arm-none-eabi/10.3.1/../../../arm-none-eabi/lib/thumb/v7e-m+fp/hard/libc_nano.a(lib_a-wsetup.o)
 .ARM.attributes
                0x0000000000000e3b       0x34 /usr/lib/gcc/arm-none-eabi/10.3.1/../../../arm-none-eabi/lib/thumb/v7e-m+fp/hard/libc_nano.a(lib_a-assert.o)
 .ARM.attributes
                0x0000000000000e6f       0x34 /usr/lib/gcc/arm-none-eabi/10.3.1/../../../arm-none-eabi/lib/thumb/v7e-m+fp/hard/libc_nano.a(lib_a-closer.o)
 .ARM.attributes
                0x0000000000000ea3       0x34 /usr/lib/gcc/arm-none-eabi/10.3.1/../../../arm-none-eabi/lib/thumb/v7e-m+fp/hard/libc_nano.a(lib_a-fflush.o)
 .ARM.attributes
                0x0000000000000ed7       0x34 /usr/lib/gcc/arm-none-eabi/10.3.1/../../../arm-none-eabi/lib/thumb/v7e-m+fp/hard/libc_nano.a(lib_a-fprintf.o)
 .ARM.attributes
                0x0000000000000f0b       0x34 /usr/lib/gcc/arm-none-eabi/10.3.1/../../../arm-none-eabi/lib/thumb/v7e-m+fp/hard/libc_nano.a(lib_a-fvwrite.o)
 .ARM.attributes
                0x0000000000000f3f       0x34 /usr/lib/gcc/arm-none-eabi/10.3.1/../../../arm-none-eabi/lib/thumb/v7e-m+fp/hard/libc_nano.a(lib_a-locale.o)
 .ARM.attributes
                0x0000000000000f73       0x34 /usr/lib/gcc/arm-none-eabi/10.3.1/../../../arm-none-eabi/lib/thumb/v7e-m+fp/hard/libc_nano.a(lib_a-lseekr.o)
 .ARM.attributes
                0x0000000000000fa7       0x34 /usr/lib/gcc/arm-none-eabi/10.3.1/../../../arm-none-eabi/lib/thumb/v7e-m+fp/hard/libc_nano.a(lib_a-makebuf.o)
 .ARM.attributes
                0x0000000000000fdb       0x34 /usr/lib/gcc/arm-none-eabi/10.3.1/../../../arm-none-eabi/lib/thumb/v7e-m+fp/hard/libc_nano.a(lib_a-mbtowc_r.o)
 .ARM.attributes
                0x000000000000100f       0x34 /usr/lib/gcc/arm-none-eabi/10.3.1/../../../arm-none-eabi/lib/thumb/v7e-m+fp/hard/libc_nano.a(lib_a-memmove.o)
 .ARM.attributes
                0x0000000000001043       0x34 /usr/lib/gcc/arm-none-eabi/10.3.1/../../../arm-none-eabi/lib/thumb/v7e-m+fp/hard/libc_nano.a(lib_a-mlock.o)
 .ARM.attributes
                0x0000000000001077       0x34 /usr/lib/gcc/arm-none-eabi/10.3.1/../../../arm-none-eabi/lib/thumb/v7e-m+fp/hard/libc_nano.a(lib_a-nano-reallocr.o)
 .ARM.attributes
                0x00000000000010ab       0x34 /usr/lib/gcc/arm-none-eabi/10.3.1/../../../arm-none-eabi/lib/thumb/v7e-m+fp/hard/libc_nano.a(lib_a-readr.o)
 .ARM.attributes
                0x00000000000010df       0x34 /usr/lib/gcc/arm-none-eabi/10.3.1/../../../arm-none-eabi/lib/thumb/v7e-m+fp/hard/libc_nano.a(lib_a-wctomb_r.o)
 .ARM.attributes
                0x0000000000001113       0x34 /usr/lib/gcc/arm-none-eabi/10.3.1/../../../arm-none-eabi/lib/thumb/v7e-m+fp/hard/libc_nano.a(lib_a-abort.o)
 .ARM.attributes
                0x0000000000001147       0x32 /usr/lib/gcc/arm-none-eabi/10.3.1/../../../arm-none-eabi/lib/thumb/v7e-m+fp/hard/libc_nano.a(lib_a-ctype_.o)
 .ARM.attributes
                0x0000000000001179       0x34 /usr/lib/gcc/arm-none-eabi/10.3.1/../../../arm-none-eabi/lib/thumb/v7e-m+fp/hard/libc_nano.a(lib_a-fstatr.o)
 .ARM.attributes
                0x00000000000011ad       0x34 /usr/lib/gcc/arm-none-eabi/10.3.1/../../../arm-none-eabi/lib/thumb/v7e-m+fp/hard/libc_nano.a(lib_a-isattyr.o)
 .ARM.attributes
                0x00000000000011e1       0x34 /usr/lib/gcc/arm-none-eabi/10.3.1/../../../arm-none-eabi/lib/thumb/v7e-m+fp/hard/libc_nano.a(lib_a-nano-msizer.o)
 .ARM.attributes
                0x0000000000001215       0x34 /usr/lib/gcc/arm-none-eabi/10.3.1/../../../arm-none-eabi/lib/thumb/v7e-m+fp/hard/libc_nano.a(lib_a-signal.o)
 .ARM.attributes
                0x0000000000001249       0x34 /usr/lib/gcc/arm-none-eabi/10.3.1/../../../arm-none-eabi/lib/thumb/v7e-m+fp/hard/libc_nano.a(lib_a-signalr.o)
 .ARM.attributes
                0x000000000000127d       0x1e /usr/lib/gcc/arm-none-eabi/10.3.1/thumb/v7e-m+fp/hard/libgcc.a(_arm_unorddf2.o)
 .ARM.attributes
                0x000000000000129b       0x1e /usr/lib/gcc/arm-none-eabi/10.3.1/thumb/v7e-m+fp/hard/libgcc.a(_arm_fixdfsi.o)
 .ARM.attributes
                0x00000000000012b9       0x32 /usr/lib/gcc/arm-none-eabi/10.3.1/thumb/v7e-m+fp/hard/crtend.o
 .ARM.attributes
                0x00000000000012eb       0x1e /usr/lib/gcc/arm-none-eabi/10.3.1/thumb/v7e-m+fp/hard/crtn.o
OUTPUT(build/fcm.elf elf32-littlearm)
LOAD linker stubs
LOAD /usr/lib/gcc/arm-none-eabi/10.3.1/../../../arm-none-eabi/lib/thumb/v7e-m+fp/hard/libc.a
LOAD /usr/lib/gcc/arm-none-eabi/10.3.1/../../../arm-none-eabi/lib/thumb/v7e-m+fp/hard/libm.a
LOAD /usr/lib/gcc/arm-none-eabi/10.3.1/thumb/v7e-m+fp/hard/libgcc.a

.comment        0x0000000000000000       0x33
 .comment       0x0000000000000000       0x33 /usr/lib/gcc/arm-none-eabi/10.3.1/thumb/v7e-m+fp/hard/crtbegin.o
                                         0x34 (size before relaxing)
 .comment       0x0000000000000033       0x34 build/app/main.o
 .comment       0x0000000000000033       0x34 build/app/task.o
 .comment       0x0000000000000033       0x34 build/arch/stm32f4xx_it.o
 .comment       0x0000000000000033       0x34 build/arch/system_stm32f4xx.o
 .comment       0x0000000000000033       0x34 build/bsp/bsp_iic.o
 .comment       0x0000000000000033       0x34 build/bsp/bsp_led.o
 .comment       0x0000000000000033       0x34 build/bsp/bsp_spi.o
 .comment       0x0000000000000033       0x34 build/bsp/bsp_uart.o
 .comment       0x0000000000000033       0x34 build/bsp/delay.o
 .comment       0x0000000000000033       0x34 build/bsp/drv_icm42688.o
 .comment       0x0000000000000033       0x34 build/bsp/drv_ist8310.o
 .comment       0x0000000000000033       0x34 build/bsp/drv_ms5611.o
 .comment       0x0000000000000033       0x34 build/bsp/fc_status.o
 .comment       0x0000000000000033       0x34 build/bsp/syscall.o
 .comment       0x0000000000000033       0x34 build/lib/src/misc.o
 .comment       0x0000000000000033       0x34 build/lib/src/stm32f4xx_gpio.o
 .comment       0x0000000000000033       0x34 build/lib/src/stm32f4xx_rcc.o
 .comment       0x0000000000000033       0x34 build/os/arch.o
 .comment       0x0000000000000033       0x34 build/os/core.o
 .comment       0x0000000000000033       0x34 build/os/event.o
 .comment       0x0000000000000033       0x34 build/os/flag.o
 .comment       0x0000000000000033       0x34 build/os/hook.o
 .comment       0x0000000000000033       0x34 build/os/kernelHeap.o
 .comment       0x0000000000000033       0x34 build/os/mbox.o
 .comment       0x0000000000000033       0x34 build/os/port.o
 .comment       0x0000000000000033       0x34 build/os/queue.o
 .comment       0x0000000000000033       0x34 build/os/sem.o
 .comment       0x0000000000000033       0x34 build/os/serviceReq.o
 .comment       0x0000000000000033       0x34 build/os/task.o
 .comment       0x0000000000000033       0x34 build/os/time.o
 .comment       0x0000000000000033       0x34 build/os/timer.o
 .comment       0x0000000000000033       0x34 build/mod/imu.o
 .comment       0x0000000000000033       0x34 build/mod/position.o
 .comment       0x0000000000000033       0x34 /usr/lib/gcc/arm-none-eabi/10.3.1/../../../arm-none-eabi/lib/thumb/v7e-m+fp/hard/libm.a(lib_a-wf_pow.o)
 .comment       0x0000000000000033       0x34 /usr/lib/gcc/arm-none-eabi/10.3.1/../../../arm-none-eabi/lib/thumb/v7e-m+fp/hard/libm.a(lib_a-ef_pow.o)
 .comment       0x0000000000000033       0x34 /usr/lib/gcc/arm-none-eabi/10.3.1/../../../arm-none-eabi/lib/thumb/v7e-m+fp/hard/libm.a(lib_a-ef_sqrt.o)
 .comment       0x0000000000000033       0x34 /usr/lib/gcc/arm-none-eabi/10.3.1/../../../arm-none-eabi/lib/thumb/v7e-m+fp/hard/libm.a(lib_a-s_lib_ver.o)
 .comment       0x0000000000000033       0x34 /usr/lib/gcc/arm-none-eabi/10.3.1/../../../arm-none-eabi/lib/thumb/v7e-m+fp/hard/libm.a(lib_a-sf_fabs.o)
 .comment       0x0000000000000033       0x34 /usr/lib/gcc/arm-none-eabi/10.3.1/../../../arm-none-eabi/lib/thumb/v7e-m+fp/hard/libm.a(lib_a-sf_finite.o)
 .comment       0x0000000000000033       0x34 /usr/lib/gcc/arm-none-eabi/10.3.1/../../../arm-none-eabi/lib/thumb/v7e-m+fp/hard/libm.a(lib_a-sf_nan.o)
 .comment       0x0000000000000033       0x34 /usr/lib/gcc/arm-none-eabi/10.3.1/../../../arm-none-eabi/lib/thumb/v7e-m+fp/hard/libm.a(lib_a-sf_rint.o)
 .comment       0x0000000000000033       0x34 /usr/lib/gcc/arm-none-eabi/10.3.1/../../../arm-none-eabi/lib/thumb/v7e-m+fp/hard/libm.a(lib_a-sf_scalbn.o)
 .comment       0x0000000000000033       0x34 /usr/lib/gcc/arm-none-eabi/10.3.1/../../../arm-none-eabi/lib/thumb/v7e-m+fp/hard/libc_nano.a(lib_a-errno.o)
 .comment       0x0000000000000033       0x34 /usr/lib/gcc/arm-none-eabi/10.3.1/../../../arm-none-eabi/lib/thumb/v7e-m+fp/hard/libc_nano.a(lib_a-impure.o)
 .comment       0x0000000000000033       0x34 /usr/lib/gcc/arm-none-eabi/10.3.1/../../../arm-none-eabi/lib/thumb/v7e-m+fp/hard/libc_nano.a(lib_a-memset.o)
 .comment       0x0000000000000033       0x34 /usr/lib/gcc/arm-none-eabi/10.3.1/../../../arm-none-eabi/lib/thumb/v7e-m+fp/hard/libc_nano.a(lib_a-nano-vfprintf_float.o)
 .comment       0x0000000000000033       0x34 /usr/lib/gcc/arm-none-eabi/10.3.1/../../../arm-none-eabi/lib/thumb/v7e-m+fp/hard/libc_nano.a(lib_a-nano-vfprintf_i.o)
 .comment       0x0000000000000033       0x34 /usr/lib/gcc/arm-none-eabi/10.3.1/../../../arm-none-eabi/lib/thumb/v7e-m+fp/hard/libc_nano.a(lib_a-printf.o)
 .comment       0x0000000000000033       0x34 /usr/lib/gcc/arm-none-eabi/10.3.1/../../../arm-none-eabi/lib/thumb/v7e-m+fp/hard/libc_nano.a(lib_a-reent.o)
 .comment       0x0000000000000033       0x34 /usr/lib/gcc/arm-none-eabi/10.3.1/../../../arm-none-eabi/lib/thumb/v7e-m+fp/hard/libc_nano.a(lib_a-dtoa.o)
 .comment       0x0000000000000033       0x34 /usr/lib/gcc/arm-none-eabi/10.3.1/../../../arm-none-eabi/lib/thumb/v7e-m+fp/hard/libc_nano.a(lib_a-findfp.o)
 .comment       0x0000000000000033       0x34 /usr/lib/gcc/arm-none-eabi/10.3.1/../../../arm-none-eabi/lib/thumb/v7e-m+fp/hard/libc_nano.a(lib_a-fwalk.o)
 .comment       0x0000000000000033       0x34 /usr/lib/gcc/arm-none-eabi/10.3.1/../../../arm-none-eabi/lib/thumb/v7e-m+fp/hard/libc_nano.a(lib_a-localeconv.o)
 .comment       0x0000000000000033       0x34 /usr/lib/gcc/arm-none-eabi/10.3.1/../../../arm-none-eabi/lib/thumb/v7e-m+fp/hard/libc_nano.a(lib_a-malloc.o)
 .comment       0x0000000000000033       0x34 /usr/lib/gcc/arm-none-eabi/10.3.1/../../../arm-none-eabi/lib/thumb/v7e-m+fp/hard/libc_nano.a(lib_a-mprec.o)
 .comment       0x0000000000000033       0x34 /usr/lib/gcc/arm-none-eabi/10.3.1/../../../arm-none-eabi/lib/thumb/v7e-m+fp/hard/libc_nano.a(lib_a-nano-callocr.o)
 .comment       0x0000000000000033       0x34 /usr/lib/gcc/arm-none-eabi/10.3.1/../../../arm-none-eabi/lib/thumb/v7e-m+fp/hard/libc_nano.a(lib_a-nano-freer.o)
 .comment       0x0000000000000033       0x34 /usr/lib/gcc/arm-none-eabi/10.3.1/../../../arm-none-eabi/lib/thumb/v7e-m+fp/hard/libc_nano.a(lib_a-nano-mallocr.o)
 .comment       0x0000000000000033       0x34 /usr/lib/gcc/arm-none-eabi/10.3.1/../../../arm-none-eabi/lib/thumb/v7e-m+fp/hard/libc_nano.a(lib_a-nano-vfprintf.o)
 .comment       0x0000000000000033       0x34 /usr/lib/gcc/arm-none-eabi/10.3.1/../../../arm-none-eabi/lib/thumb/v7e-m+fp/hard/libc_nano.a(lib_a-sbrkr.o)
 .comment       0x0000000000000033       0x34 /usr/lib/gcc/arm-none-eabi/10.3.1/../../../arm-none-eabi/lib/thumb/v7e-m+fp/hard/libc_nano.a(lib_a-stdio.o)
 .comment       0x0000000000000033       0x34 /usr/lib/gcc/arm-none-eabi/10.3.1/../../../arm-none-eabi/lib/thumb/v7e-m+fp/hard/libc_nano.a(lib_a-wbuf.o)
 .comment       0x0000000000000033       0x34 /usr/lib/gcc/arm-none-eabi/10.3.1/../../../arm-none-eabi/lib/thumb/v7e-m+fp/hard/libc_nano.a(lib_a-writer.o)
 .comment       0x0000000000000033       0x34 /usr/lib/gcc/arm-none-eabi/10.3.1/../../../arm-none-eabi/lib/thumb/v7e-m+fp/hard/libc_nano.a(lib_a-wsetup.o)
 .comment       0x0000000000000033       0x34 /usr/lib/gcc/arm-none-eabi/10.3.1/../../../arm-none-eabi/lib/thumb/v7e-m+fp/hard/libc_nano.a(lib_a-assert.o)
 .comment       0x0000000000000033       0x34 /usr/lib/gcc/arm-none-eabi/10.3.1/../../../arm-none-eabi/lib/thumb/v7e-m+fp/hard/libc_nano.a(lib_a-closer.o)
 .comment       0x0000000000000033       0x34 /usr/lib/gcc/arm-none-eabi/10.3.1/../../../arm-none-eabi/lib/thumb/v7e-m+fp/hard/libc_nano.a(lib_a-fflush.o)
 .comment       0x0000000000000033       0x34 /usr/lib/gcc/arm-none-eabi/10.3.1/../../../arm-none-eabi/lib/thumb/v7e-m+fp/hard/libc_nano.a(lib_a-fprintf.o)
 .comment       0x0000000000000033       0x34 /usr/lib/gcc/arm-none-eabi/10.3.1/../../../arm-none-eabi/lib/thumb/v7e-m+fp/hard/libc_nano.a(lib_a-fvwrite.o)
 .comment       0x0000000000000033       0x34 /usr/lib/gcc/arm-none-eabi/10.3.1/../../../arm-none-eabi/lib/thumb/v7e-m+fp/hard/libc_nano.a(lib_a-locale.o)
 .comment       0x0000000000000033       0x34 /usr/lib/gcc/arm-none-eabi/10.3.1/../../../arm-none-eabi/lib/thumb/v7e-m+fp/hard/libc_nano.a(lib_a-lseekr.o)
 .comment       0x0000000000000033       0x34 /usr/lib/gcc/arm-none-eabi/10.3.1/../../../arm-none-eabi/lib/thumb/v7e-m+fp/hard/libc_nano.a(lib_a-makebuf.o)
 .comment       0x0000000000000033       0x34 /usr/lib/gcc/arm-none-eabi/10.3.1/../../../arm-none-eabi/lib/thumb/v7e-m+fp/hard/libc_nano.a(lib_a-mbtowc_r.o)
 .comment       0x0000000000000033       0x34 /usr/lib/gcc/arm-none-eabi/10.3.1/../../../arm-none-eabi/lib/thumb/v7e-m+fp/hard/libc_nano.a(lib_a-memmove.o)
 .comment       0x0000000000000033       0x34 /usr/lib/gcc/arm-none-eabi/10.3.1/../../../arm-none-eabi/lib/thumb/v7e-m+fp/hard/libc_nano.a(lib_a-mlock.o)
 .comment       0x0000000000000033       0x34 /usr/lib/gcc/arm-none-eabi/10.3.1/../../../arm-none-eabi/lib/thumb/v7e-m+fp/hard/libc_nano.a(lib_a-nano-reallocr.o)
 .comment       0x0000000000000033       0x34 /usr/lib/gcc/arm-none-eabi/10.3.1/../../../arm-none-eabi/lib/thumb/v7e-m+fp/hard/libc_nano.a(lib_a-readr.o)
 .comment       0x0000000000000033       0x34 /usr/lib/gcc/arm-none-eabi/10.3.1/../../../arm-none-eabi/lib/thumb/v7e-m+fp/hard/libc_nano.a(lib_a-wctomb_r.o)
 .comment       0x0000000000000033       0x34 /usr/lib/gcc/arm-none-eabi/10.3.1/../../../arm-none-eabi/lib/thumb/v7e-m+fp/hard/libc_nano.a(lib_a-abort.o)
 .comment       0x0000000000000033       0x34 /usr/lib/gcc/arm-none-eabi/10.3.1/../../../arm-none-eabi/lib/thumb/v7e-m+fp/hard/libc_nano.a(lib_a-ctype_.o)
 .comment       0x0000000000000033       0x34 /usr/lib/gcc/arm-none-eabi/10.3.1/../../../arm-none-eabi/lib/thumb/v7e-m+fp/hard/libc_nano.a(lib_a-fstatr.o)
 .comment       0x0000000000000033       0x34 /usr/lib/gcc/arm-none-eabi/10.3.1/../../../arm-none-eabi/lib/thumb/v7e-m+fp/hard/libc_nano.a(lib_a-isattyr.o)
 .comment       0x0000000000000033       0x34 /usr/lib/gcc/arm-none-eabi/10.3.1/../../../arm-none-eabi/lib/thumb/v7e-m+fp/hard/libc_nano.a(lib_a-nano-msizer.o)
 .comment       0x0000000000000033       0x34 /usr/lib/gcc/arm-none-eabi/10.3.1/../../../arm-none-eabi/lib/thumb/v7e-m+fp/hard/libc_nano.a(lib_a-signal.o)
 .comment       0x0000000000000033       0x34 /usr/lib/gcc/arm-none-eabi/10.3.1/../../../arm-none-eabi/lib/thumb/v7e-m+fp/hard/libc_nano.a(lib_a-signalr.o)
 .comment       0x0000000000000033       0x34 /usr/lib/gcc/arm-none-eabi/10.3.1/thumb/v7e-m+fp/hard/crtend.o

.debug_info     0x0000000000000000    0x26094
 .debug_info    0x0000000000000000      0x107 build/app/main.o
 .debug_info    0x0000000000000107      0x2f5 build/app/task.o
 .debug_info    0x00000000000003fc       0xea build/arch/stm32f4xx_it.o
 .debug_info    0x00000000000004e6      0x61a build/arch/system_stm32f4xx.o
 .debug_info    0x0000000000000b00      0x62e build/bsp/bsp_iic.o
 .debug_info    0x000000000000112e      0x396 build/bsp/bsp_led.o
 .debug_info    0x00000000000014c4      0x67d build/bsp/bsp_spi.o
 .debug_info    0x0000000000001b41      0xba4 build/bsp/bsp_uart.o
 .debug_info    0x00000000000026e5       0xab build/bsp/delay.o
 .debug_info    0x0000000000002790      0x21e build/bsp/drv_icm42688.o
 .debug_info    0x00000000000029ae      0x25f build/bsp/drv_ist8310.o
 .debug_info    0x0000000000002c0d      0x4bb build/bsp/drv_ms5611.o
 .debug_info    0x00000000000030c8      0x128 build/bsp/fc_status.o
 .debug_info    0x00000000000031f0      0x736 build/bsp/syscall.o
 .debug_info    0x0000000000003926      0x544 build/lib/src/misc.o
 .debug_info    0x0000000000003e6a      0x612 build/lib/src/stm32f4xx_gpio.o
 .debug_info    0x000000000000447c      0xede build/lib/src/stm32f4xx_rcc.o
 .debug_info    0x000000000000535a      0x318 build/os/arch.o
 .debug_info    0x0000000000005672      0x2fc build/os/core.o
 .debug_info    0x000000000000596e      0x4e6 build/os/event.o
 .debug_info    0x0000000000005e54      0x685 build/os/flag.o
 .debug_info    0x00000000000064d9       0xbf build/os/hook.o
 .debug_info    0x0000000000006598      0x2f9 build/os/kernelHeap.o
 .debug_info    0x0000000000006891      0x43e build/os/mbox.o
 .debug_info    0x0000000000006ccf      0x1a2 build/os/port.o
 .debug_info    0x0000000000006e71      0x568 build/os/queue.o
 .debug_info    0x00000000000073d9      0x3fa build/os/sem.o
 .debug_info    0x00000000000077d3      0x218 build/os/serviceReq.o
 .debug_info    0x00000000000079eb      0x749 build/os/task.o
 .debug_info    0x0000000000008134      0x403 build/os/time.o
 .debug_info    0x0000000000008537      0x3fe build/os/timer.o
 .debug_info    0x0000000000008935      0x2f7 build/mod/imu.o
 .debug_info    0x0000000000008c2c      0x2e5 build/mod/position.o
 .debug_info    0x0000000000008f11       0x22 build/arch/startup_stm32f40_41xxx.o
 .debug_info    0x0000000000008f33      0x207 /usr/lib/gcc/arm-none-eabi/10.3.1/../../../arm-none-eabi/lib/thumb/v7e-m+fp/hard/libm.a(lib_a-wf_pow.o)
 .debug_info    0x000000000000913a      0x884 /usr/lib/gcc/arm-none-eabi/10.3.1/../../../arm-none-eabi/lib/thumb/v7e-m+fp/hard/libm.a(lib_a-ef_pow.o)
 .debug_info    0x00000000000099be       0xc5 /usr/lib/gcc/arm-none-eabi/10.3.1/../../../arm-none-eabi/lib/thumb/v7e-m+fp/hard/libm.a(lib_a-ef_sqrt.o)
 .debug_info    0x0000000000009a83       0xbb /usr/lib/gcc/arm-none-eabi/10.3.1/../../../arm-none-eabi/lib/thumb/v7e-m+fp/hard/libm.a(lib_a-s_lib_ver.o)
 .debug_info    0x0000000000009b3e      0x143 /usr/lib/gcc/arm-none-eabi/10.3.1/../../../arm-none-eabi/lib/thumb/v7e-m+fp/hard/libm.a(lib_a-sf_fabs.o)
 .debug_info    0x0000000000009c81      0x127 /usr/lib/gcc/arm-none-eabi/10.3.1/../../../arm-none-eabi/lib/thumb/v7e-m+fp/hard/libm.a(lib_a-sf_finite.o)
 .debug_info    0x0000000000009da8       0xc8 /usr/lib/gcc/arm-none-eabi/10.3.1/../../../arm-none-eabi/lib/thumb/v7e-m+fp/hard/libm.a(lib_a-sf_nan.o)
 .debug_info    0x0000000000009e70      0x253 /usr/lib/gcc/arm-none-eabi/10.3.1/../../../arm-none-eabi/lib/thumb/v7e-m+fp/hard/libm.a(lib_a-sf_rint.o)
 .debug_info    0x000000000000a0c3      0x201 /usr/lib/gcc/arm-none-eabi/10.3.1/../../../arm-none-eabi/lib/thumb/v7e-m+fp/hard/libm.a(lib_a-sf_scalbn.o)
 .debug_info    0x000000000000a2c4       0x26 /usr/lib/gcc/arm-none-eabi/10.3.1/thumb/v7e-m+fp/hard/libgcc.a(_arm_addsubdf3.o)
 .debug_info    0x000000000000a2ea       0x26 /usr/lib/gcc/arm-none-eabi/10.3.1/thumb/v7e-m+fp/hard/libgcc.a(_arm_muldivdf3.o)
 .debug_info    0x000000000000a310       0x26 /usr/lib/gcc/arm-none-eabi/10.3.1/thumb/v7e-m+fp/hard/libgcc.a(_arm_cmpdf2.o)
 .debug_info    0x000000000000a336       0x26 /usr/lib/gcc/arm-none-eabi/10.3.1/thumb/v7e-m+fp/hard/libgcc.a(_arm_addsubsf3.o)
 .debug_info    0x000000000000a35c      0x7ae /usr/lib/gcc/arm-none-eabi/10.3.1/../../../arm-none-eabi/lib/thumb/v7e-m+fp/hard/libc_nano.a(lib_a-errno.o)
 .debug_info    0x000000000000ab0a      0x863 /usr/lib/gcc/arm-none-eabi/10.3.1/../../../arm-none-eabi/lib/thumb/v7e-m+fp/hard/libc_nano.a(lib_a-impure.o)
 .debug_info    0x000000000000b36d      0x137 /usr/lib/gcc/arm-none-eabi/10.3.1/../../../arm-none-eabi/lib/thumb/v7e-m+fp/hard/libc_nano.a(lib_a-memset.o)
 .debug_info    0x000000000000b4a4     0x147b /usr/lib/gcc/arm-none-eabi/10.3.1/../../../arm-none-eabi/lib/thumb/v7e-m+fp/hard/libc_nano.a(lib_a-nano-vfprintf_float.o)
 .debug_info    0x000000000000c91f      0xe9e /usr/lib/gcc/arm-none-eabi/10.3.1/../../../arm-none-eabi/lib/thumb/v7e-m+fp/hard/libc_nano.a(lib_a-nano-vfprintf_i.o)
 .debug_info    0x000000000000d7bd      0x8fd /usr/lib/gcc/arm-none-eabi/10.3.1/../../../arm-none-eabi/lib/thumb/v7e-m+fp/hard/libc_nano.a(lib_a-printf.o)
 .debug_info    0x000000000000e0ba      0xa7e /usr/lib/gcc/arm-none-eabi/10.3.1/../../../arm-none-eabi/lib/thumb/v7e-m+fp/hard/libc_nano.a(lib_a-reent.o)
 .debug_info    0x000000000000eb38       0x26 /usr/lib/gcc/arm-none-eabi/10.3.1/../../../arm-none-eabi/lib/thumb/v7e-m+fp/hard/libc_nano.a(lib_a-strlen.o)
 .debug_info    0x000000000000eb5e     0x196c /usr/lib/gcc/arm-none-eabi/10.3.1/../../../arm-none-eabi/lib/thumb/v7e-m+fp/hard/libc_nano.a(lib_a-dtoa.o)
 .debug_info    0x00000000000104ca      0xfae /usr/lib/gcc/arm-none-eabi/10.3.1/../../../arm-none-eabi/lib/thumb/v7e-m+fp/hard/libc_nano.a(lib_a-findfp.o)
 .debug_info    0x0000000000011478      0x900 /usr/lib/gcc/arm-none-eabi/10.3.1/../../../arm-none-eabi/lib/thumb/v7e-m+fp/hard/libc_nano.a(lib_a-fwalk.o)
 .debug_info    0x0000000000011d78      0xad8 /usr/lib/gcc/arm-none-eabi/10.3.1/../../../arm-none-eabi/lib/thumb/v7e-m+fp/hard/libc_nano.a(lib_a-localeconv.o)
 .debug_info    0x0000000000012850      0x832 /usr/lib/gcc/arm-none-eabi/10.3.1/../../../arm-none-eabi/lib/thumb/v7e-m+fp/hard/libc_nano.a(lib_a-malloc.o)
 .debug_info    0x0000000000013082       0x26 /usr/lib/gcc/arm-none-eabi/10.3.1/../../../arm-none-eabi/lib/thumb/v7e-m+fp/hard/libc_nano.a(lib_a-memchr.o)
 .debug_info    0x00000000000130a8       0x26 /usr/lib/gcc/arm-none-eabi/10.3.1/../../../arm-none-eabi/lib/thumb/v7e-m+fp/hard/libc_nano.a(lib_a-memcpy.o)
 .debug_info    0x00000000000130ce     0x2009 /usr/lib/gcc/arm-none-eabi/10.3.1/../../../arm-none-eabi/lib/thumb/v7e-m+fp/hard/libc_nano.a(lib_a-mprec.o)
 .debug_info    0x00000000000150d7      0x858 /usr/lib/gcc/arm-none-eabi/10.3.1/../../../arm-none-eabi/lib/thumb/v7e-m+fp/hard/libc_nano.a(lib_a-nano-callocr.o)